<html>
<body>
<pre>
<h1>µVision Build Log</h1>
<h2>Project:</h2>
C:\Users\tziyang\Documents\GitHub\pales\GPS_Decode_USART\Project\RVMDK\iSO-STM32.uvproj
Project File Date:  11/12/2015

<h2>Output:</h2>
Build target 'GPS'
assembling startup_stm32f10x_hd.s...
compiling core_cm3.c...
compiling system_stm32f10x.c...
compiling misc.c...
compiling stm32f10x_adc.c...
compiling stm32f10x_bkp.c...
compiling stm32f10x_can.c...
compiling stm32f10x_cec.c...
compiling stm32f10x_crc.c...
compiling stm32f10x_dac.c...
compiling stm32f10x_dbgmcu.c...
compiling stm32f10x_dma.c...
compiling stm32f10x_exti.c...
compiling stm32f10x_flash.c...
compiling stm32f10x_fsmc.c...
compiling stm32f10x_gpio.c...
compiling stm32f10x_i2c.c...
compiling stm32f10x_iwdg.c...
compiling stm32f10x_pwr.c...
compiling stm32f10x_rcc.c...
compiling stm32f10x_rtc.c...
compiling stm32f10x_sdio.c...
compiling stm32f10x_spi.c...
compiling stm32f10x_tim.c...
compiling stm32f10x_usart.c...
compiling stm32f10x_wwdg.c...
compiling main.c...
..\..\User\imu\imu.h(156): warning:  #1295-D: Deprecated declaration MPU6050_Initialize - give arg types
..\..\User\imu\imu.h:   void MPU6050_Initialize(); 
..\..\User\imu\imu.h:        ^
..\..\User\imu\imu.h(165): warning:  #1295-D: Deprecated declaration IMU_USART_Configuration - give arg types
..\..\User\imu\imu.h:   void IMU_USART_Configuration();
..\..\User\imu\imu.h:        ^
..\..\User\imu\imu.h(166): warning:  #1295-D: Deprecated declaration IMU_RCC_Configuration - give arg types
..\..\User\imu\imu.h:   void IMU_RCC_Configuration();
..\..\User\imu\imu.h:        ^
..\..\User\imu\imu.h(167): warning:  #1295-D: Deprecated declaration IMU_GPIO_Configuration - give arg types
..\..\User\imu\imu.h:   void IMU_GPIO_Configuration();
..\..\User\imu\imu.h:        ^
..\..\User\imu\imu.h(168): warning:  #1295-D: Deprecated declaration IMU_EXTI_Configuration - give arg types
..\..\User\imu\imu.h:   void IMU_EXTI_Configuration();
..\..\User\imu\imu.h:        ^
..\..\User\imu\imu.h(169): warning:  #1295-D: Deprecated declaration IMU_NVIC_Configuration - give arg types
..\..\User\imu\imu.h:   void IMU_NVIC_Configuration();
..\..\User\imu\imu.h:        ^
..\..\User\imu\imu.h(170): warning:  #1295-D: Deprecated declaration IMU_I2C_Configuration - give arg types
..\..\User\imu\imu.h:   void IMU_I2C_Configuration();
..\..\User\imu\imu.h:        ^
..\..\User\main.c(46): warning:  #223-D: function "MPU6050_I2C_Init" declared implicitly
..\..\User\main.c:      MPU6050_I2C_Init();
..\..\User\main.c:      ^
..\..\User\main.c(38): warning:  #177-D: variable "tempOut" was declared but never referenced
..\..\User\main.c:      int tempOut=0;
..\..\User\main.c:          ^
..\..\User\main.c(132): warning:  #223-D: function "MPU6050_TestConnection" declared implicitly
..\..\User\main.c:              if( MPU6050_TestConnection()== TRUE){
..\..\User\main.c:                  ^
..\..\User\main.c(132): error:  #20: identifier "TRUE" is undefined
..\..\User\main.c:              if( MPU6050_TestConnection()== TRUE){
..\..\User\main.c:                                             ^
..\..\User\main.c(136): warning:  #181-D: argument is incompatible with corresponding format string conversion
..\..\User\main.c:                      printf("\r\nIMU[0]: %f",AccelGyro[0]);
..\..\User\main.c:                                              ^
..\..\User\main.c(137): warning:  #181-D: argument is incompatible with corresponding format string conversion
..\..\User\main.c:                      printf("\t IMU[1]: %f",AccelGyro[1]);
..\..\User\main.c:                                             ^
..\..\User\main.c(138): warning:  #181-D: argument is incompatible with corresponding format string conversion
..\..\User\main.c:                      printf("\t IMU[2]: %f",AccelGyro[2]);
..\..\User\main.c:                                             ^
..\..\User\main.c(139): warning:  #181-D: argument is incompatible with corresponding format string conversion
..\..\User\main.c:                      printf("\t IMU[3]: %f",AccelGyro[3]);
..\..\User\main.c:                                             ^
..\..\User\main.c(140): warning:  #181-D: argument is incompatible with corresponding format string conversion
..\..\User\main.c:                      printf("\t IMU[4]: %f",AccelGyro[4]);
..\..\User\main.c:                                             ^
..\..\User\main.c(141): warning:  #181-D: argument is incompatible with corresponding format string conversion
..\..\User\main.c:                      printf("\t IMU[5]: %f",AccelGyro[5]);
..\..\User\main.c:                                             ^
..\..\User\main.c: ..\..\User\main.c: 16 warnings, 1 error
compiling stm32f10x_it.c...
compiling bsp_usart1.c...
compiling bsp_sdio_sdcard.c...
compiling bsp_usart2.c...
compiling gps_config.c...
compiling nema_decode_test.c...
compiling temp.c...
..\..\User\temp\temp.c(55): warning:  #550-D: variable "tempEnv" was set but never used
..\..\User\temp\temp.c:     int tempEnv =0;
..\..\User\temp\temp.c:         ^
..\..\User\temp\temp.c: ..\..\User\temp\temp.c: 1 warning, 0 errors
compiling imu.c...
..\..\User\imu\imu.c(32): error:  #5: cannot open source input file "MPU6050.h": No such file or directory
..\..\User\imu\imu.c:   #include "MPU6050.h"
..\..\User\imu\imu.c:                       ^
..\..\User\imu\imu.c: ..\..\User\imu\imu.c: 0 warnings, 1 error
compiling delay.c...
compiling sys.c...
compiling diskio.c...
compiling ff.c...
..\..\User\ff9\ff.c(1653): warning:  #111-D: statement is unreachable
..\..\User\ff9\ff.c:                    w = (w << 8) + b;                       /* Create a DBC */
..\..\User\ff9\ff.c:                    ^
..\..\User\ff9\ff.c: ..\..\User\ff9\ff.c: 1 warning, 0 errors
compiling ccsbcs.c...
compiling context.c...
compiling generate.c...
compiling generator.c...
compiling gmath.c...
..\..\User\nmea_decode\src\gmath.c(166): warning:  #550-D: variable "tan_sigma" was set but never used
..\..\User\nmea_decode\src\gmath.c:           double tmp1, tmp2, tan_sigma, sin_alpha, cos_alpha, C, lambda_prev; 
..\..\User\nmea_decode\src\gmath.c:                              ^
..\..\User\nmea_decode\src\gmath.c(264): warning:  #550-D: variable "tan_sigma1" was set but never used
..\..\User\nmea_decode\src\gmath.c:       double tan_sigma1, sigma1, sin_alpha, cos_alpha, sqr_cos_alpha, sqr_u, A, B;
..\..\User\nmea_decode\src\gmath.c:              ^
..\..\User\nmea_decode\src\gmath.c(264): warning:  #550-D: variable "cos_alpha" was set but never used
..\..\User\nmea_decode\src\gmath.c:       double tan_sigma1, sigma1, sin_alpha, cos_alpha, sqr_cos_alpha, sqr_u, A, B;
..\..\User\nmea_decode\src\gmath.c:                                             ^
..\..\User\nmea_decode\src\gmath.c: ..\..\User\nmea_decode\src\gmath.c: 3 warnings, 0 errors
compiling info.c...
compiling parse.c...
compiling parser.c...
compiling sentence.c...
compiling time.c...
compiling tok.c...
Target not created
Build target 'GPS'
compiling main.c...
..\..\User\imu\imu.h(156): warning:  #1295-D: Deprecated declaration MPU6050_Initialize - give arg types
..\..\User\imu\imu.h:   void MPU6050_Initialize(); 
..\..\User\imu\imu.h:        ^
..\..\User\imu\imu.h(165): warning:  #1295-D: Deprecated declaration IMU_USART_Configuration - give arg types
..\..\User\imu\imu.h:   void IMU_USART_Configuration();
..\..\User\imu\imu.h:        ^
..\..\User\imu\imu.h(166): warning:  #1295-D: Deprecated declaration IMU_RCC_Configuration - give arg types
..\..\User\imu\imu.h:   void IMU_RCC_Configuration();
..\..\User\imu\imu.h:        ^
..\..\User\imu\imu.h(167): warning:  #1295-D: Deprecated declaration IMU_GPIO_Configuration - give arg types
..\..\User\imu\imu.h:   void IMU_GPIO_Configuration();
..\..\User\imu\imu.h:        ^
..\..\User\imu\imu.h(168): warning:  #1295-D: Deprecated declaration IMU_EXTI_Configuration - give arg types
..\..\User\imu\imu.h:   void IMU_EXTI_Configuration();
..\..\User\imu\imu.h:        ^
..\..\User\imu\imu.h(169): warning:  #1295-D: Deprecated declaration IMU_NVIC_Configuration - give arg types
..\..\User\imu\imu.h:   void IMU_NVIC_Configuration();
..\..\User\imu\imu.h:        ^
..\..\User\imu\imu.h(170): warning:  #1295-D: Deprecated declaration IMU_I2C_Configuration - give arg types
..\..\User\imu\imu.h:   void IMU_I2C_Configuration();
..\..\User\imu\imu.h:        ^
..\..\User\main.c(46): warning:  #223-D: function "MPU6050_I2C_Init" declared implicitly
..\..\User\main.c:      MPU6050_I2C_Init();
..\..\User\main.c:      ^
..\..\User\main.c(38): warning:  #177-D: variable "tempOut" was declared but never referenced
..\..\User\main.c:      int tempOut=0;
..\..\User\main.c:          ^
..\..\User\main.c(132): warning:  #223-D: function "MPU6050_TestConnection" declared implicitly
..\..\User\main.c:              if( MPU6050_TestConnection()== TRUE){
..\..\User\main.c:                  ^
..\..\User\main.c(132): error:  #20: identifier "TRUE" is undefined
..\..\User\main.c:              if( MPU6050_TestConnection()== TRUE){
..\..\User\main.c:                                             ^
..\..\User\main.c(136): warning:  #181-D: argument is incompatible with corresponding format string conversion
..\..\User\main.c:                      printf("\r\nIMU[0]: %f",AccelGyro[0]);
..\..\User\main.c:                                              ^
..\..\User\main.c(137): warning:  #181-D: argument is incompatible with corresponding format string conversion
..\..\User\main.c:                      printf("\t IMU[1]: %f",AccelGyro[1]);
..\..\User\main.c:                                             ^
..\..\User\main.c(138): warning:  #181-D: argument is incompatible with corresponding format string conversion
..\..\User\main.c:                      printf("\t IMU[2]: %f",AccelGyro[2]);
..\..\User\main.c:                                             ^
..\..\User\main.c(139): warning:  #181-D: argument is incompatible with corresponding format string conversion
..\..\User\main.c:                      printf("\t IMU[3]: %f",AccelGyro[3]);
..\..\User\main.c:                                             ^
..\..\User\main.c(140): warning:  #181-D: argument is incompatible with corresponding format string conversion
..\..\User\main.c:                      printf("\t IMU[4]: %f",AccelGyro[4]);
..\..\User\main.c:                                             ^
..\..\User\main.c(141): warning:  #181-D: argument is incompatible with corresponding format string conversion
..\..\User\main.c:                      printf("\t IMU[5]: %f",AccelGyro[5]);
..\..\User\main.c:                                             ^
..\..\User\main.c: ..\..\User\main.c: 16 warnings, 1 error
compiling imu.c...
..\..\User\imu\imu.h(156): warning:  #1295-D: Deprecated declaration MPU6050_Initialize - give arg types
..\..\User\imu\imu.h:   void MPU6050_Initialize(); 
..\..\User\imu\imu.h:        ^
..\..\User\imu\imu.h(165): warning:  #1295-D: Deprecated declaration IMU_USART_Configuration - give arg types
..\..\User\imu\imu.h:   void IMU_USART_Configuration();
..\..\User\imu\imu.h:        ^
..\..\User\imu\imu.h(166): warning:  #1295-D: Deprecated declaration IMU_RCC_Configuration - give arg types
..\..\User\imu\imu.h:   void IMU_RCC_Configuration();
..\..\User\imu\imu.h:        ^
..\..\User\imu\imu.h(167): warning:  #1295-D: Deprecated declaration IMU_GPIO_Configuration - give arg types
..\..\User\imu\imu.h:   void IMU_GPIO_Configuration();
..\..\User\imu\imu.h:        ^
..\..\User\imu\imu.h(168): warning:  #1295-D: Deprecated declaration IMU_EXTI_Configuration - give arg types
..\..\User\imu\imu.h:   void IMU_EXTI_Configuration();
..\..\User\imu\imu.h:        ^
..\..\User\imu\imu.h(169): warning:  #1295-D: Deprecated declaration IMU_NVIC_Configuration - give arg types
..\..\User\imu\imu.h:   void IMU_NVIC_Configuration();
..\..\User\imu\imu.h:        ^
..\..\User\imu\imu.h(170): warning:  #1295-D: Deprecated declaration IMU_I2C_Configuration - give arg types
..\..\User\imu\imu.h:   void IMU_I2C_Configuration();
..\..\User\imu\imu.h:        ^
..\..\User\imu\imu.c(56): warning:  #223-D: function "IMU_I2C_Configuratio" declared implicitly
..\..\User\imu\imu.c:           IMU_I2C_Configuratio();
..\..\User\imu\imu.c:           ^
..\..\User\imu\imu.c(214): error:  #65: expected a ";"
..\..\User\imu\imu.c:           USART_InitStructure.USART_BaudRate = 38400;//EeOA2¡LIOAEIa38400
..\..\User\imu\imu.c:           ^
..\..\User\imu\imu.c: ..\..\User\imu\imu.c: 8 warnings, 1 error
Target not created
Build target 'GPS'
compiling main.c...
..\..\User\imu\imu.h(156): warning:  #1295-D: Deprecated declaration MPU6050_Initialize - give arg types
..\..\User\imu\imu.h:   void MPU6050_Initialize(); 
..\..\User\imu\imu.h:        ^
..\..\User\imu\imu.h(165): warning:  #1295-D: Deprecated declaration IMU_USART_Configuration - give arg types
..\..\User\imu\imu.h:   void IMU_USART_Configuration();
..\..\User\imu\imu.h:        ^
..\..\User\imu\imu.h(166): warning:  #1295-D: Deprecated declaration IMU_RCC_Configuration - give arg types
..\..\User\imu\imu.h:   void IMU_RCC_Configuration();
..\..\User\imu\imu.h:        ^
..\..\User\imu\imu.h(167): warning:  #1295-D: Deprecated declaration IMU_GPIO_Configuration - give arg types
..\..\User\imu\imu.h:   void IMU_GPIO_Configuration();
..\..\User\imu\imu.h:        ^
..\..\User\imu\imu.h(168): warning:  #1295-D: Deprecated declaration IMU_EXTI_Configuration - give arg types
..\..\User\imu\imu.h:   void IMU_EXTI_Configuration();
..\..\User\imu\imu.h:        ^
..\..\User\imu\imu.h(169): warning:  #1295-D: Deprecated declaration IMU_NVIC_Configuration - give arg types
..\..\User\imu\imu.h:   void IMU_NVIC_Configuration();
..\..\User\imu\imu.h:        ^
..\..\User\imu\imu.h(170): warning:  #1295-D: Deprecated declaration IMU_I2C_Configuration - give arg types
..\..\User\imu\imu.h:   void IMU_I2C_Configuration();
..\..\User\imu\imu.h:        ^
..\..\User\main.c(46): warning:  #223-D: function "MPU6050_I2C_Init" declared implicitly
..\..\User\main.c:      MPU6050_I2C_Init();
..\..\User\main.c:      ^
..\..\User\main.c(38): warning:  #177-D: variable "tempOut" was declared but never referenced
..\..\User\main.c:      int tempOut=0;
..\..\User\main.c:          ^
..\..\User\main.c(132): warning:  #223-D: function "MPU6050_TestConnection" declared implicitly
..\..\User\main.c:              if( MPU6050_TestConnection()== TRUE){
..\..\User\main.c:                  ^
..\..\User\main.c(132): error:  #20: identifier "TRUE" is undefined
..\..\User\main.c:              if( MPU6050_TestConnection()== TRUE){
..\..\User\main.c:                                             ^
..\..\User\main.c(136): warning:  #181-D: argument is incompatible with corresponding format string conversion
..\..\User\main.c:                      printf("\r\nIMU[0]: %f",AccelGyro[0]);
..\..\User\main.c:                                              ^
..\..\User\main.c(137): warning:  #181-D: argument is incompatible with corresponding format string conversion
..\..\User\main.c:                      printf("\t IMU[1]: %f",AccelGyro[1]);
..\..\User\main.c:                                             ^
..\..\User\main.c(138): warning:  #181-D: argument is incompatible with corresponding format string conversion
..\..\User\main.c:                      printf("\t IMU[2]: %f",AccelGyro[2]);
..\..\User\main.c:                                             ^
..\..\User\main.c(139): warning:  #181-D: argument is incompatible with corresponding format string conversion
..\..\User\main.c:                      printf("\t IMU[3]: %f",AccelGyro[3]);
..\..\User\main.c:                                             ^
..\..\User\main.c(140): warning:  #181-D: argument is incompatible with corresponding format string conversion
..\..\User\main.c:                      printf("\t IMU[4]: %f",AccelGyro[4]);
..\..\User\main.c:                                             ^
..\..\User\main.c(141): warning:  #181-D: argument is incompatible with corresponding format string conversion
..\..\User\main.c:                      printf("\t IMU[5]: %f",AccelGyro[5]);
..\..\User\main.c:                                             ^
..\..\User\main.c: ..\..\User\main.c: 16 warnings, 1 error
compiling imu.c...
..\..\User\imu\imu.h(156): warning:  #1295-D: Deprecated declaration MPU6050_Initialize - give arg types
..\..\User\imu\imu.h:   void MPU6050_Initialize(); 
..\..\User\imu\imu.h:        ^
..\..\User\imu\imu.h(165): warning:  #1295-D: Deprecated declaration IMU_USART_Configuration - give arg types
..\..\User\imu\imu.h:   void IMU_USART_Configuration();
..\..\User\imu\imu.h:        ^
..\..\User\imu\imu.h(166): warning:  #1295-D: Deprecated declaration IMU_RCC_Configuration - give arg types
..\..\User\imu\imu.h:   void IMU_RCC_Configuration();
..\..\User\imu\imu.h:        ^
..\..\User\imu\imu.h(167): warning:  #1295-D: Deprecated declaration IMU_GPIO_Configuration - give arg types
..\..\User\imu\imu.h:   void IMU_GPIO_Configuration();
..\..\User\imu\imu.h:        ^
..\..\User\imu\imu.h(168): warning:  #1295-D: Deprecated declaration IMU_EXTI_Configuration - give arg types
..\..\User\imu\imu.h:   void IMU_EXTI_Configuration();
..\..\User\imu\imu.h:        ^
..\..\User\imu\imu.h(169): warning:  #1295-D: Deprecated declaration IMU_NVIC_Configuration - give arg types
..\..\User\imu\imu.h:   void IMU_NVIC_Configuration();
..\..\User\imu\imu.h:        ^
..\..\User\imu\imu.h(170): warning:  #1295-D: Deprecated declaration IMU_I2C_Configuration - give arg types
..\..\User\imu\imu.h:   void IMU_I2C_Configuration();
..\..\User\imu\imu.h:        ^
..\..\User\imu\imu.h: ..\..\User\imu\imu.c: 7 warnings, 0 errors
Target not created
Build target 'GPS'
compiling main.c...
..\..\User\imu\imu.h(156): warning:  #1295-D: Deprecated declaration MPU6050_Initialize - give arg types
..\..\User\imu\imu.h:   void MPU6050_Initialize(); 
..\..\User\imu\imu.h:        ^
..\..\User\imu\imu.h(165): warning:  #1295-D: Deprecated declaration IMU_USART_Configuration - give arg types
..\..\User\imu\imu.h:   void IMU_USART_Configuration();
..\..\User\imu\imu.h:        ^
..\..\User\imu\imu.h(166): warning:  #1295-D: Deprecated declaration IMU_RCC_Configuration - give arg types
..\..\User\imu\imu.h:   void IMU_RCC_Configuration();
..\..\User\imu\imu.h:        ^
..\..\User\imu\imu.h(167): warning:  #1295-D: Deprecated declaration IMU_GPIO_Configuration - give arg types
..\..\User\imu\imu.h:   void IMU_GPIO_Configuration();
..\..\User\imu\imu.h:        ^
..\..\User\imu\imu.h(168): warning:  #1295-D: Deprecated declaration IMU_EXTI_Configuration - give arg types
..\..\User\imu\imu.h:   void IMU_EXTI_Configuration();
..\..\User\imu\imu.h:        ^
..\..\User\imu\imu.h(169): warning:  #1295-D: Deprecated declaration IMU_NVIC_Configuration - give arg types
..\..\User\imu\imu.h:   void IMU_NVIC_Configuration();
..\..\User\imu\imu.h:        ^
..\..\User\imu\imu.h(170): warning:  #1295-D: Deprecated declaration IMU_I2C_Configuration - give arg types
..\..\User\imu\imu.h:   void IMU_I2C_Configuration();
..\..\User\imu\imu.h:        ^
..\..\User\main.c(46): warning:  #223-D: function "MPU6050_I2C_Init" declared implicitly
..\..\User\main.c:      MPU6050_I2C_Init();
..\..\User\main.c:      ^
..\..\User\main.c(38): warning:  #177-D: variable "tempOut" was declared but never referenced
..\..\User\main.c:      int tempOut=0;
..\..\User\main.c:          ^
..\..\User\main.c(132): warning:  #223-D: function "MPU6050_TestConnection" declared implicitly
..\..\User\main.c:              if( MPU6050_TestConnection()== 1){
..\..\User\main.c:                  ^
..\..\User\main.c(136): warning:  #181-D: argument is incompatible with corresponding format string conversion
..\..\User\main.c:                      printf("\r\nIMU[0]: %f",AccelGyro[0]);
..\..\User\main.c:                                              ^
..\..\User\main.c(137): warning:  #181-D: argument is incompatible with corresponding format string conversion
..\..\User\main.c:                      printf("\t IMU[1]: %f",AccelGyro[1]);
..\..\User\main.c:                                             ^
..\..\User\main.c(138): warning:  #181-D: argument is incompatible with corresponding format string conversion
..\..\User\main.c:                      printf("\t IMU[2]: %f",AccelGyro[2]);
..\..\User\main.c:                                             ^
..\..\User\main.c(139): warning:  #181-D: argument is incompatible with corresponding format string conversion
..\..\User\main.c:                      printf("\t IMU[3]: %f",AccelGyro[3]);
..\..\User\main.c:                                             ^
..\..\User\main.c(140): warning:  #181-D: argument is incompatible with corresponding format string conversion
..\..\User\main.c:                      printf("\t IMU[4]: %f",AccelGyro[4]);
..\..\User\main.c:                                             ^
..\..\User\main.c(141): warning:  #181-D: argument is incompatible with corresponding format string conversion
..\..\User\main.c:                      printf("\t IMU[5]: %f",AccelGyro[5]);
..\..\User\main.c:                                             ^
..\..\User\main.c: ..\..\User\main.c: 16 warnings, 0 errors
linking...
..\..\Output\Template.axf: Error: L6218E: Undefined symbol MPU6050_I2C_Init (referred from main.o).
..\..\Output\Template.axf: Error: L6218E: Undefined symbol MPU6050_TestConnection (referred from main.o).
..\..\Output\Template.axf: Not enough information to list image symbols.
..\..\Output\Template.axf: Finished: 1 information, 0 warning and 2 error messages.
Target not created
Build target 'GPS'
linking...
..\..\Output\Template.axf: Error: L6218E: Undefined symbol MPU6050_I2C_Init (referred from main.o).
..\..\Output\Template.axf: Error: L6218E: Undefined symbol MPU6050_TestConnection (referred from main.o).
..\..\Output\Template.axf: Not enough information to list image symbols.
..\..\Output\Template.axf: Finished: 1 information, 0 warning and 2 error messages.
Target not created
Build target 'GPS'
compiling main.c...
..\..\User\imu\imu.h(156): warning:  #1295-D: Deprecated declaration MPU6050_Initialize - give arg types
..\..\User\imu\imu.h:   void MPU6050_Initialize(); 
..\..\User\imu\imu.h:        ^
..\..\User\imu\imu.h(165): warning:  #1295-D: Deprecated declaration IMU_USART_Configuration - give arg types
..\..\User\imu\imu.h:   void IMU_USART_Configuration();
..\..\User\imu\imu.h:        ^
..\..\User\imu\imu.h(166): warning:  #1295-D: Deprecated declaration IMU_RCC_Configuration - give arg types
..\..\User\imu\imu.h:   void IMU_RCC_Configuration();
..\..\User\imu\imu.h:        ^
..\..\User\imu\imu.h(167): warning:  #1295-D: Deprecated declaration IMU_GPIO_Configuration - give arg types
..\..\User\imu\imu.h:   void IMU_GPIO_Configuration();
..\..\User\imu\imu.h:        ^
..\..\User\imu\imu.h(168): warning:  #1295-D: Deprecated declaration IMU_EXTI_Configuration - give arg types
..\..\User\imu\imu.h:   void IMU_EXTI_Configuration();
..\..\User\imu\imu.h:        ^
..\..\User\imu\imu.h(169): warning:  #1295-D: Deprecated declaration IMU_NVIC_Configuration - give arg types
..\..\User\imu\imu.h:   void IMU_NVIC_Configuration();
..\..\User\imu\imu.h:        ^
..\..\User\imu\imu.h(170): warning:  #1295-D: Deprecated declaration IMU_I2C_Configuration - give arg types
..\..\User\imu\imu.h:   void IMU_I2C_Configuration();
..\..\User\imu\imu.h:        ^
..\..\User\main.c(46): warning:  #223-D: function "MPU6050_I2C_Init" declared implicitly
..\..\User\main.c:      MPU6050_I2C_Init();
..\..\User\main.c:      ^
..\..\User\main.c(38): warning:  #177-D: variable "tempOut" was declared but never referenced
..\..\User\main.c:      int tempOut=0;
..\..\User\main.c:          ^
..\..\User\main.c(134): warning:  #181-D: argument is incompatible with corresponding format string conversion
..\..\User\main.c:              printf("\r\nIMU[0]: %f",AccelGyro[0]);
..\..\User\main.c:                                      ^
..\..\User\main.c(135): warning:  #181-D: argument is incompatible with corresponding format string conversion
..\..\User\main.c:              printf("\t IMU[1]: %f",AccelGyro[1]);
..\..\User\main.c:                                     ^
..\..\User\main.c(136): warning:  #181-D: argument is incompatible with corresponding format string conversion
..\..\User\main.c:              printf("\t IMU[2]: %f",AccelGyro[2]);
..\..\User\main.c:                                     ^
..\..\User\main.c(137): warning:  #181-D: argument is incompatible with corresponding format string conversion
..\..\User\main.c:              printf("\t IMU[3]: %f",AccelGyro[3]);
..\..\User\main.c:                                     ^
..\..\User\main.c(138): warning:  #181-D: argument is incompatible with corresponding format string conversion
..\..\User\main.c:              printf("\t IMU[4]: %f",AccelGyro[4]);
..\..\User\main.c:                                     ^
..\..\User\main.c(139): warning:  #181-D: argument is incompatible with corresponding format string conversion
..\..\User\main.c:              printf("\t IMU[5]: %f",AccelGyro[5]);
..\..\User\main.c:                                     ^
..\..\User\main.c: ..\..\User\main.c: 15 warnings, 0 errors
linking...
..\..\Output\Template.axf: Error: L6218E: Undefined symbol MPU6050_I2C_Init (referred from main.o).
..\..\Output\Template.axf: Not enough information to list image symbols.
..\..\Output\Template.axf: Finished: 1 information, 0 warning and 1 error messages.
Target not created
Build target 'GPS'
compiling main.c...
..\..\User\imu\imu.h(156): warning:  #1295-D: Deprecated declaration MPU6050_Initialize - give arg types
..\..\User\imu\imu.h:   void MPU6050_Initialize(); 
..\..\User\imu\imu.h:        ^
..\..\User\imu\imu.h(165): warning:  #1295-D: Deprecated declaration IMU_USART_Configuration - give arg types
..\..\User\imu\imu.h:   void IMU_USART_Configuration();
..\..\User\imu\imu.h:        ^
..\..\User\imu\imu.h(166): warning:  #1295-D: Deprecated declaration IMU_RCC_Configuration - give arg types
..\..\User\imu\imu.h:   void IMU_RCC_Configuration();
..\..\User\imu\imu.h:        ^
..\..\User\imu\imu.h(167): warning:  #1295-D: Deprecated declaration IMU_GPIO_Configuration - give arg types
..\..\User\imu\imu.h:   void IMU_GPIO_Configuration();
..\..\User\imu\imu.h:        ^
..\..\User\imu\imu.h(168): warning:  #1295-D: Deprecated declaration IMU_EXTI_Configuration - give arg types
..\..\User\imu\imu.h:   void IMU_EXTI_Configuration();
..\..\User\imu\imu.h:        ^
..\..\User\imu\imu.h(169): warning:  #1295-D: Deprecated declaration IMU_NVIC_Configuration - give arg types
..\..\User\imu\imu.h:   void IMU_NVIC_Configuration();
..\..\User\imu\imu.h:        ^
..\..\User\imu\imu.h(170): warning:  #1295-D: Deprecated declaration IMU_I2C_Configuration - give arg types
..\..\User\imu\imu.h:   void IMU_I2C_Configuration();
..\..\User\imu\imu.h:        ^
..\..\User\main.c(38): warning:  #177-D: variable "tempOut" was declared but never referenced
..\..\User\main.c:      int tempOut=0;
..\..\User\main.c:          ^
..\..\User\main.c(132): warning:  #181-D: argument is incompatible with corresponding format string conversion
..\..\User\main.c:              printf("\r\nIMU[0]: %f",AccelGyro[0]);
..\..\User\main.c:                                      ^
..\..\User\main.c(133): warning:  #181-D: argument is incompatible with corresponding format string conversion
..\..\User\main.c:              printf("\t IMU[1]: %f",AccelGyro[1]);
..\..\User\main.c:                                     ^
..\..\User\main.c(134): warning:  #181-D: argument is incompatible with corresponding format string conversion
..\..\User\main.c:              printf("\t IMU[2]: %f",AccelGyro[2]);
..\..\User\main.c:                                     ^
..\..\User\main.c(135): warning:  #181-D: argument is incompatible with corresponding format string conversion
..\..\User\main.c:              printf("\t IMU[3]: %f",AccelGyro[3]);
..\..\User\main.c:                                     ^
..\..\User\main.c(136): warning:  #181-D: argument is incompatible with corresponding format string conversion
..\..\User\main.c:              printf("\t IMU[4]: %f",AccelGyro[4]);
..\..\User\main.c:                                     ^
..\..\User\main.c(137): warning:  #181-D: argument is incompatible with corresponding format string conversion
..\..\User\main.c:              printf("\t IMU[5]: %f",AccelGyro[5]);
..\..\User\main.c:                                     ^
..\..\User\main.c: ..\..\User\main.c: 14 warnings, 0 errors
linking...
Program Size: Code=27132 RO-data=568 RW-data=120 ZI-data=6096  
FromELF: creating hex file...
"..\..\Output\Template.axf" - 0 Error(s), 14 Warning(s).
Build target 'GPS'
compiling main.c...
..\..\User\imu\imu.h(156): warning:  #1295-D: Deprecated declaration MPU6050_Initialize - give arg types
..\..\User\imu\imu.h:   void MPU6050_Initialize(); 
..\..\User\imu\imu.h:        ^
..\..\User\imu\imu.h(165): warning:  #1295-D: Deprecated declaration IMU_USART_Configuration - give arg types
..\..\User\imu\imu.h:   void IMU_USART_Configuration();
..\..\User\imu\imu.h:        ^
..\..\User\imu\imu.h(166): warning:  #1295-D: Deprecated declaration IMU_RCC_Configuration - give arg types
..\..\User\imu\imu.h:   void IMU_RCC_Configuration();
..\..\User\imu\imu.h:        ^
..\..\User\imu\imu.h(167): warning:  #1295-D: Deprecated declaration IMU_GPIO_Configuration - give arg types
..\..\User\imu\imu.h:   void IMU_GPIO_Configuration();
..\..\User\imu\imu.h:        ^
..\..\User\imu\imu.h(168): warning:  #1295-D: Deprecated declaration IMU_EXTI_Configuration - give arg types
..\..\User\imu\imu.h:   void IMU_EXTI_Configuration();
..\..\User\imu\imu.h:        ^
..\..\User\imu\imu.h(169): warning:  #1295-D: Deprecated declaration IMU_NVIC_Configuration - give arg types
..\..\User\imu\imu.h:   void IMU_NVIC_Configuration();
..\..\User\imu\imu.h:        ^
..\..\User\imu\imu.h(170): warning:  #1295-D: Deprecated declaration IMU_I2C_Configuration - give arg types
..\..\User\imu\imu.h:   void IMU_I2C_Configuration();
..\..\User\imu\imu.h:        ^
..\..\User\main.c(38): warning:  #177-D: variable "tempOut" was declared but never referenced
..\..\User\main.c:      int tempOut=0;
..\..\User\main.c:          ^
..\..\User\main.c: ..\..\User\main.c: 8 warnings, 0 errors
linking...
Program Size: Code=27128 RO-data=568 RW-data=120 ZI-data=6096  
FromELF: creating hex file...
"..\..\Output\Template.axf" - 0 Error(s), 8 Warning(s).
Build target 'GPS'
compiling main.c...
..\..\User\imu\imu.h(156): warning:  #1295-D: Deprecated declaration MPU6050_Initialize - give arg types
..\..\User\imu\imu.h:   void MPU6050_Initialize(); 
..\..\User\imu\imu.h:        ^
..\..\User\imu\imu.h(165): warning:  #1295-D: Deprecated declaration IMU_USART_Configuration - give arg types
..\..\User\imu\imu.h:   void IMU_USART_Configuration();
..\..\User\imu\imu.h:        ^
..\..\User\imu\imu.h(166): warning:  #1295-D: Deprecated declaration IMU_RCC_Configuration - give arg types
..\..\User\imu\imu.h:   void IMU_RCC_Configuration();
..\..\User\imu\imu.h:        ^
..\..\User\imu\imu.h(167): warning:  #1295-D: Deprecated declaration IMU_GPIO_Configuration - give arg types
..\..\User\imu\imu.h:   void IMU_GPIO_Configuration();
..\..\User\imu\imu.h:        ^
..\..\User\imu\imu.h(168): warning:  #1295-D: Deprecated declaration IMU_EXTI_Configuration - give arg types
..\..\User\imu\imu.h:   void IMU_EXTI_Configuration();
..\..\User\imu\imu.h:        ^
..\..\User\imu\imu.h(169): warning:  #1295-D: Deprecated declaration IMU_NVIC_Configuration - give arg types
..\..\User\imu\imu.h:   void IMU_NVIC_Configuration();
..\..\User\imu\imu.h:        ^
..\..\User\imu\imu.h(170): warning:  #1295-D: Deprecated declaration IMU_I2C_Configuration - give arg types
..\..\User\imu\imu.h:   void IMU_I2C_Configuration();
..\..\User\imu\imu.h:        ^
..\..\User\main.c(38): warning:  #177-D: variable "tempOut" was declared but never referenced
..\..\User\main.c:      int tempOut=0;
..\..\User\main.c:          ^
..\..\User\main.c: ..\..\User\main.c: 8 warnings, 0 errors
compiling imu.c...
..\..\User\imu\imu.h(156): warning:  #1295-D: Deprecated declaration MPU6050_Initialize - give arg types
..\..\User\imu\imu.h:   void MPU6050_Initialize(); 
..\..\User\imu\imu.h:        ^
..\..\User\imu\imu.h(165): warning:  #1295-D: Deprecated declaration IMU_USART_Configuration - give arg types
..\..\User\imu\imu.h:   void IMU_USART_Configuration();
..\..\User\imu\imu.h:        ^
..\..\User\imu\imu.h(166): warning:  #1295-D: Deprecated declaration IMU_RCC_Configuration - give arg types
..\..\User\imu\imu.h:   void IMU_RCC_Configuration();
..\..\User\imu\imu.h:        ^
..\..\User\imu\imu.h(167): warning:  #1295-D: Deprecated declaration IMU_GPIO_Configuration - give arg types
..\..\User\imu\imu.h:   void IMU_GPIO_Configuration();
..\..\User\imu\imu.h:        ^
..\..\User\imu\imu.h(168): warning:  #1295-D: Deprecated declaration IMU_EXTI_Configuration - give arg types
..\..\User\imu\imu.h:   void IMU_EXTI_Configuration();
..\..\User\imu\imu.h:        ^
..\..\User\imu\imu.h(169): warning:  #1295-D: Deprecated declaration IMU_NVIC_Configuration - give arg types
..\..\User\imu\imu.h:   void IMU_NVIC_Configuration();
..\..\User\imu\imu.h:        ^
..\..\User\imu\imu.h(170): warning:  #1295-D: Deprecated declaration IMU_I2C_Configuration - give arg types
..\..\User\imu\imu.h:   void IMU_I2C_Configuration();
..\..\User\imu\imu.h:        ^
..\..\User\imu\imu.h: ..\..\User\imu\imu.c: 7 warnings, 0 errors
linking...
Program Size: Code=27124 RO-data=568 RW-data=120 ZI-data=6096  
FromELF: creating hex file...
"..\..\Output\Template.axf" - 0 Error(s), 15 Warning(s).
Build target 'GPS'
compiling main.c...
..\..\User\imu\imu.h(156): warning:  #1295-D: Deprecated declaration MPU6050_Initialize - give arg types
..\..\User\imu\imu.h:   void MPU6050_Initialize(); 
..\..\User\imu\imu.h:        ^
..\..\User\imu\imu.h(165): warning:  #1295-D: Deprecated declaration IMU_USART_Configuration - give arg types
..\..\User\imu\imu.h:   void IMU_USART_Configuration();
..\..\User\imu\imu.h:        ^
..\..\User\imu\imu.h(166): warning:  #1295-D: Deprecated declaration IMU_RCC_Configuration - give arg types
..\..\User\imu\imu.h:   void IMU_RCC_Configuration();
..\..\User\imu\imu.h:        ^
..\..\User\imu\imu.h(167): warning:  #1295-D: Deprecated declaration IMU_GPIO_Configuration - give arg types
..\..\User\imu\imu.h:   void IMU_GPIO_Configuration();
..\..\User\imu\imu.h:        ^
..\..\User\imu\imu.h(168): warning:  #1295-D: Deprecated declaration IMU_EXTI_Configuration - give arg types
..\..\User\imu\imu.h:   void IMU_EXTI_Configuration();
..\..\User\imu\imu.h:        ^
..\..\User\imu\imu.h(169): warning:  #1295-D: Deprecated declaration IMU_NVIC_Configuration - give arg types
..\..\User\imu\imu.h:   void IMU_NVIC_Configuration();
..\..\User\imu\imu.h:        ^
..\..\User\imu\imu.h(170): warning:  #1295-D: Deprecated declaration IMU_I2C_Configuration - give arg types
..\..\User\imu\imu.h:   void IMU_I2C_Configuration();
..\..\User\imu\imu.h:        ^
..\..\User\main.c(38): warning:  #177-D: variable "tempOut" was declared but never referenced
..\..\User\main.c:      int tempOut=0;
..\..\User\main.c:          ^
..\..\User\main.c: ..\..\User\main.c: 8 warnings, 0 errors
linking...
Program Size: Code=27120 RO-data=568 RW-data=120 ZI-data=6096  
FromELF: creating hex file...
"..\..\Output\Template.axf" - 0 Error(s), 8 Warning(s).
Build target 'GPS'
compiling main.c...
..\..\User\imu\imu.h(156): warning:  #1295-D: Deprecated declaration MPU6050_Initialize - give arg types
..\..\User\imu\imu.h:   void MPU6050_Initialize(); 
..\..\User\imu\imu.h:        ^
..\..\User\imu\imu.h(165): warning:  #1295-D: Deprecated declaration IMU_USART_Configuration - give arg types
..\..\User\imu\imu.h:   void IMU_USART_Configuration();
..\..\User\imu\imu.h:        ^
..\..\User\imu\imu.h(166): warning:  #1295-D: Deprecated declaration IMU_RCC_Configuration - give arg types
..\..\User\imu\imu.h:   void IMU_RCC_Configuration();
..\..\User\imu\imu.h:        ^
..\..\User\imu\imu.h(167): warning:  #1295-D: Deprecated declaration IMU_GPIO_Configuration - give arg types
..\..\User\imu\imu.h:   void IMU_GPIO_Configuration();
..\..\User\imu\imu.h:        ^
..\..\User\imu\imu.h(168): warning:  #1295-D: Deprecated declaration IMU_EXTI_Configuration - give arg types
..\..\User\imu\imu.h:   void IMU_EXTI_Configuration();
..\..\User\imu\imu.h:        ^
..\..\User\imu\imu.h(169): warning:  #1295-D: Deprecated declaration IMU_NVIC_Configuration - give arg types
..\..\User\imu\imu.h:   void IMU_NVIC_Configuration();
..\..\User\imu\imu.h:        ^
..\..\User\imu\imu.h(170): warning:  #1295-D: Deprecated declaration IMU_I2C_Configuration - give arg types
..\..\User\imu\imu.h:   void IMU_I2C_Configuration();
..\..\User\imu\imu.h:        ^
..\..\User\main.c(38): warning:  #177-D: variable "tempOut" was declared but never referenced
..\..\User\main.c:      int tempOut=0;
..\..\User\main.c:          ^
..\..\User\main.c(92): warning:  #177-D: variable "AccelGyro" was declared but never referenced
..\..\User\main.c:      s16  AccelGyro[7]={0};
..\..\User\main.c:           ^
..\..\User\main.c: ..\..\User\main.c: 9 warnings, 0 errors
linking...
Program Size: Code=26936 RO-data=568 RW-data=120 ZI-data=6096  
FromELF: creating hex file...
"..\..\Output\Template.axf" - 0 Error(s), 9 Warning(s).
Build target 'GPS'
compiling main.c...
..\..\User\imu\imu.h(156): warning:  #1295-D: Deprecated declaration MPU6050_Initialize - give arg types
..\..\User\imu\imu.h:   void MPU6050_Initialize(); 
..\..\User\imu\imu.h:        ^
..\..\User\imu\imu.h(165): warning:  #1295-D: Deprecated declaration IMU_USART_Configuration - give arg types
..\..\User\imu\imu.h:   void IMU_USART_Configuration();
..\..\User\imu\imu.h:        ^
..\..\User\imu\imu.h(166): warning:  #1295-D: Deprecated declaration IMU_RCC_Configuration - give arg types
..\..\User\imu\imu.h:   void IMU_RCC_Configuration();
..\..\User\imu\imu.h:        ^
..\..\User\imu\imu.h(167): warning:  #1295-D: Deprecated declaration IMU_GPIO_Configuration - give arg types
..\..\User\imu\imu.h:   void IMU_GPIO_Configuration();
..\..\User\imu\imu.h:        ^
..\..\User\imu\imu.h(168): warning:  #1295-D: Deprecated declaration IMU_EXTI_Configuration - give arg types
..\..\User\imu\imu.h:   void IMU_EXTI_Configuration();
..\..\User\imu\imu.h:        ^
..\..\User\imu\imu.h(169): warning:  #1295-D: Deprecated declaration IMU_NVIC_Configuration - give arg types
..\..\User\imu\imu.h:   void IMU_NVIC_Configuration();
..\..\User\imu\imu.h:        ^
..\..\User\imu\imu.h(170): warning:  #1295-D: Deprecated declaration IMU_I2C_Configuration - give arg types
..\..\User\imu\imu.h:   void IMU_I2C_Configuration();
..\..\User\imu\imu.h:        ^
..\..\User\main.c(72): error:  #20: identifier "AccelGyro" is undefined
..\..\User\main.c:              MPU6050_GetRawAccelGyro(AccelGyro);
..\..\User\main.c:                                      ^
..\..\User\main.c(38): warning:  #177-D: variable "tempOut" was declared but never referenced
..\..\User\main.c:      int tempOut=0;
..\..\User\main.c:          ^
..\..\User\main.c(92): warning:  #177-D: variable "AccelGyro" was declared but never referenced
..\..\User\main.c:      s16  AccelGyro[7]={0};
..\..\User\main.c:           ^
..\..\User\main.c: ..\..\User\main.c: 9 warnings, 1 error
Target not created
Build target 'GPS'
compiling main.c...
..\..\User\imu\imu.h(156): warning:  #1295-D: Deprecated declaration MPU6050_Initialize - give arg types
..\..\User\imu\imu.h:   void MPU6050_Initialize(); 
..\..\User\imu\imu.h:        ^
..\..\User\imu\imu.h(165): warning:  #1295-D: Deprecated declaration IMU_USART_Configuration - give arg types
..\..\User\imu\imu.h:   void IMU_USART_Configuration();
..\..\User\imu\imu.h:        ^
..\..\User\imu\imu.h(166): warning:  #1295-D: Deprecated declaration IMU_RCC_Configuration - give arg types
..\..\User\imu\imu.h:   void IMU_RCC_Configuration();
..\..\User\imu\imu.h:        ^
..\..\User\imu\imu.h(167): warning:  #1295-D: Deprecated declaration IMU_GPIO_Configuration - give arg types
..\..\User\imu\imu.h:   void IMU_GPIO_Configuration();
..\..\User\imu\imu.h:        ^
..\..\User\imu\imu.h(168): warning:  #1295-D: Deprecated declaration IMU_EXTI_Configuration - give arg types
..\..\User\imu\imu.h:   void IMU_EXTI_Configuration();
..\..\User\imu\imu.h:        ^
..\..\User\imu\imu.h(169): warning:  #1295-D: Deprecated declaration IMU_NVIC_Configuration - give arg types
..\..\User\imu\imu.h:   void IMU_NVIC_Configuration();
..\..\User\imu\imu.h:        ^
..\..\User\imu\imu.h(170): warning:  #1295-D: Deprecated declaration IMU_I2C_Configuration - give arg types
..\..\User\imu\imu.h:   void IMU_I2C_Configuration();
..\..\User\imu\imu.h:        ^
..\..\User\main.c(38): warning:  #177-D: variable "tempOut" was declared but never referenced
..\..\User\main.c:      int tempOut=0;
..\..\User\main.c:          ^
..\..\User\main.c: ..\..\User\main.c: 8 warnings, 0 errors
linking...
Program Size: Code=27124 RO-data=568 RW-data=120 ZI-data=6096  
FromELF: creating hex file...
"..\..\Output\Template.axf" - 0 Error(s), 8 Warning(s).
