Component: ARM Compiler 5.05 (build 41) Tool: armlink [4d0eb9]

==============================================================================

Section Cross References

    stm32f4xx_it.o(.text) refers to ticks.o(.text) for TimeTick_Decrement
    main.o(.text) refers to gpio.o(.text) for LED_control
    main.o(.text) refers to buzzer.o(.text) for buzzer_play_song
    main.o(.text) refers to 1.8 tft_display.o(.text) for tft_set_pixel_pos
    main.o(.text) refers to dflt_clz.o(x$fpl$dflt) for __aeabi_i2d
    main.o(.text) refers to sqrt.o(i.__hardfp_sqrt) for __hardfp_sqrt
    main.o(.text) refers to d2f.o(x$fpl$d2f) for __aeabi_d2f
    main.o(.text) refers to f2d.o(x$fpl$f2d) for __aeabi_f2d
    main.o(.text) refers to ticks.o(.text) for SysTick_Init
    main.o(.text) refers to button.o(.text) for button_init
    main.o(.text) refers to led.o(.text) for LEd_init
    main.o(.text) refers to gps.o(.text) for TM_GPS_Init
    main.o(.text) refers to gpio.o(.constdata) for PA15
    main.o(.text) refers to buzzer_song.o(.constdata) for CLICK_UP
    main.o(.text) refers to main.o(.data) for ms
    main.o(.text) refers to main.o(.bss) for GPS_Data
    system_stm32f4xx.o(.text) refers to system_stm32f4xx.o(.data) for SystemCoreClock
    startup_stm32f40_41xxx.o(STACK) refers (Special) to heapauxi.o(.text) for __use_two_region_memory
    startup_stm32f40_41xxx.o(HEAP) refers (Special) to heapauxi.o(.text) for __use_two_region_memory
    startup_stm32f40_41xxx.o(RESET) refers (Special) to heapauxi.o(.text) for __use_two_region_memory
    startup_stm32f40_41xxx.o(RESET) refers to startup_stm32f40_41xxx.o(STACK) for __initial_sp
    startup_stm32f40_41xxx.o(RESET) refers to startup_stm32f40_41xxx.o(.text) for Reset_Handler
    startup_stm32f40_41xxx.o(RESET) refers to stm32f4xx_it.o(.text) for NMI_Handler
    startup_stm32f40_41xxx.o(RESET) refers to usart.o(.text) for USART1_IRQHandler
    startup_stm32f40_41xxx.o(.text) refers (Special) to heapauxi.o(.text) for __use_two_region_memory
    startup_stm32f40_41xxx.o(.text) refers to system_stm32f4xx.o(.text) for SystemInit
    startup_stm32f40_41xxx.o(.text) refers to __main.o(!!!main) for __main
    startup_stm32f40_41xxx.o(.text) refers to startup_stm32f40_41xxx.o(HEAP) for Heap_Mem
    startup_stm32f40_41xxx.o(.text) refers to startup_stm32f40_41xxx.o(STACK) for Stack_Mem
    stm32f4xx_adc.o(.text) refers to stm32f4xx_rcc.o(.text) for RCC_APB2PeriphResetCmd
    stm32f4xx_can.o(.text) refers to stm32f4xx_rcc.o(.text) for RCC_APB1PeriphResetCmd
    stm32f4xx_cryp.o(.text) refers to stm32f4xx_rcc.o(.text) for RCC_AHB2PeriphResetCmd
    stm32f4xx_cryp_aes.o(.text) refers to stm32f4xx_cryp.o(.text) for CRYP_KeyStructInit
    stm32f4xx_cryp_des.o(.text) refers to stm32f4xx_cryp.o(.text) for CRYP_KeyStructInit
    stm32f4xx_cryp_tdes.o(.text) refers to stm32f4xx_cryp.o(.text) for CRYP_KeyStructInit
    stm32f4xx_dma2d.o(.text) refers to stm32f4xx_rcc.o(.text) for RCC_AHB1PeriphResetCmd
    stm32f4xx_dac.o(.text) refers to stm32f4xx_rcc.o(.text) for RCC_APB1PeriphResetCmd
    stm32f4xx_fsmc.o(.text) refers to stm32f4xx_fsmc.o(.constdata) for FSMC_DefaultTimingStruct
    stm32f4xx_gpio.o(.text) refers to stm32f4xx_rcc.o(.text) for RCC_AHB1PeriphResetCmd
    stm32f4xx_hash.o(.text) refers to stm32f4xx_rcc.o(.text) for RCC_AHB2PeriphResetCmd
    stm32f4xx_hash_md5.o(.text) refers to stm32f4xx_hash.o(.text) for HASH_DeInit
    stm32f4xx_hash_sha1.o(.text) refers to stm32f4xx_hash.o(.text) for HASH_DeInit
    stm32f4xx_i2c.o(.text) refers to stm32f4xx_rcc.o(.text) for RCC_APB1PeriphResetCmd
    stm32f4xx_ltdc.o(.text) refers to stm32f4xx_rcc.o(.text) for RCC_APB2PeriphResetCmd
    stm32f4xx_pwr.o(.text) refers to stm32f4xx_rcc.o(.text) for RCC_APB1PeriphResetCmd
    stm32f4xx_rcc.o(.text) refers to stm32f4xx_rcc.o(.data) for APBAHBPrescTable
    stm32f4xx_rng.o(.text) refers to stm32f4xx_rcc.o(.text) for RCC_AHB2PeriphResetCmd
    stm32f4xx_sai.o(.text) refers to stm32f4xx_rcc.o(.text) for RCC_APB2PeriphResetCmd
    stm32f4xx_sdio.o(.text) refers to stm32f4xx_rcc.o(.text) for RCC_APB2PeriphResetCmd
    stm32f4xx_spi.o(.text) refers to stm32f4xx_rcc.o(.text) for RCC_APB2PeriphResetCmd
    stm32f4xx_syscfg.o(.text) refers to stm32f4xx_rcc.o(.text) for RCC_APB2PeriphResetCmd
    stm32f4xx_tim.o(.text) refers to stm32f4xx_rcc.o(.text) for RCC_APB2PeriphResetCmd
    stm32f4xx_usart.o(.text) refers to stm32f4xx_rcc.o(.text) for RCC_APB2PeriphResetCmd
    stm32f4xx_wwdg.o(.text) refers to stm32f4xx_rcc.o(.text) for RCC_APB1PeriphResetCmd
    usart.o(.text) refers to stm32_gpio.o(.text) for TM_GPIO_InitAlternate
    usart.o(.text) refers to stm32f4xx_usart.o(.text) for USART_Init
    usart.o(.text) refers to misc.o(.text) for NVIC_Init
    usart.o(.text) refers to usart.o(.data) for TM_USART1
    usart.o(.text) refers to 1.8 tft_display.o(.text) for tft_prints
    usart.o(.data) refers to usart.o(.bss) for TM_USART1_Buffer
[...]
    RCC_TIMCLKPresConfig                     0x08001167   Thumb Code     6  stm32f4xx_rcc.o(.text)
    RCC_AHB1PeriphClockCmd                   0x0800116d   Thumb Code    34  stm32f4xx_rcc.o(.text)
    RCC_AHB2PeriphClockCmd                   0x0800118f   Thumb Code    78  stm32f4xx_rcc.o(.text)
    RCC_AHB3PeriphClockCmd                   0x080011dd   Thumb Code    34  stm32f4xx_rcc.o(.text)
    RCC_APB1PeriphClockCmd                   0x080011ff   Thumb Code    34  stm32f4xx_rcc.o(.text)
    RCC_APB2PeriphClockCmd                   0x08001221   Thumb Code    34  stm32f4xx_rcc.o(.text)
    RCC_AHB1PeriphResetCmd                   0x08001243   Thumb Code    34  stm32f4xx_rcc.o(.text)
    RCC_AHB2PeriphResetCmd                   0x08001265   Thumb Code    34  stm32f4xx_rcc.o(.text)
    RCC_AHB3PeriphResetCmd                   0x08001287   Thumb Code    34  stm32f4xx_rcc.o(.text)
    RCC_APB1PeriphResetCmd                   0x080012a9   Thumb Code    34  stm32f4xx_rcc.o(.text)
    RCC_APB2PeriphResetCmd                   0x080012cb   Thumb Code    34  stm32f4xx_rcc.o(.text)
    RCC_AHB1PeriphClockLPModeCmd             0x080012ed   Thumb Code    34  stm32f4xx_rcc.o(.text)
    RCC_AHB2PeriphClockLPModeCmd             0x0800130f   Thumb Code    34  stm32f4xx_rcc.o(.text)
    RCC_AHB3PeriphClockLPModeCmd             0x08001331   Thumb Code    34  stm32f4xx_rcc.o(.text)
    RCC_APB1PeriphClockLPModeCmd             0x08001353   Thumb Code    34  stm32f4xx_rcc.o(.text)
    RCC_APB2PeriphClockLPModeCmd             0x08001375   Thumb Code    34  stm32f4xx_rcc.o(.text)
    RCC_LSEModeConfig                        0x08001397   Thumb Code    40  stm32f4xx_rcc.o(.text)
    RCC_ITConfig                             0x080013bf   Thumb Code    34  stm32f4xx_rcc.o(.text)
    RCC_ClearFlag                            0x080013e1   Thumb Code    18  stm32f4xx_rcc.o(.text)
    RCC_GetITStatus                          0x080013f3   Thumb Code    22  stm32f4xx_rcc.o(.text)
    RCC_ClearITPendingBit                    0x08001409   Thumb Code     8  stm32f4xx_rcc.o(.text)
    SPI_I2S_DeInit                           0x08001415   Thumb Code   152  stm32f4xx_spi.o(.text)
    SPI_Init                                 0x080014ad   Thumb Code    60  stm32f4xx_spi.o(.text)
    I2S_Init                                 0x080014e9   Thumb Code   396  stm32f4xx_spi.o(.text)
    SPI_StructInit                           0x08001675   Thumb Code    24  stm32f4xx_spi.o(.text)
    I2S_StructInit                           0x0800168d   Thumb Code    20  stm32f4xx_spi.o(.text)
    SPI_Cmd                                  0x080016a1   Thumb Code    24  stm32f4xx_spi.o(.text)
    I2S_Cmd                                  0x080016b9   Thumb Code    24  stm32f4xx_spi.o(.text)
    SPI_DataSizeConfig                       0x080016d1   Thumb Code    18  stm32f4xx_spi.o(.text)
    SPI_BiDirectionalLineConfig              0x080016e3   Thumb Code    28  stm32f4xx_spi.o(.text)
    SPI_NSSInternalSoftwareConfig            0x080016ff   Thumb Code    30  stm32f4xx_spi.o(.text)
    SPI_SSOutputCmd                          0x0800171d   Thumb Code    24  stm32f4xx_spi.o(.text)
    SPI_TIModeCmd                            0x08001735   Thumb Code    24  stm32f4xx_spi.o(.text)
    I2S_FullDuplexConfig                     0x0800174d   Thumb Code    80  stm32f4xx_spi.o(.text)
    SPI_I2S_ReceiveData                      0x0800179d   Thumb Code     6  stm32f4xx_spi.o(.text)
    SPI_I2S_SendData                         0x080017a3   Thumb Code     4  stm32f4xx_spi.o(.text)
    SPI_CalculateCRC                         0x080017a7   Thumb Code    24  stm32f4xx_spi.o(.text)
    SPI_TransmitCRC                          0x080017bf   Thumb Code    10  stm32f4xx_spi.o(.text)
    SPI_GetCRC                               0x080017c9   Thumb Code    16  stm32f4xx_spi.o(.text)
    SPI_GetCRCPolynomial                     0x080017d9   Thumb Code     6  stm32f4xx_spi.o(.text)
    SPI_I2S_DMACmd                           0x080017df   Thumb Code    18  stm32f4xx_spi.o(.text)
    SPI_I2S_ITConfig                         0x080017f1   Thumb Code    68  stm32f4xx_spi.o(.text)
    SPI_I2S_GetFlagStatus                    0x08001835   Thumb Code    18  stm32f4xx_spi.o(.text)
    SPI_I2S_ClearFlag                        0x08001847   Thumb Code     6  stm32f4xx_spi.o(.text)
    SPI_I2S_GetITStatus                      0x0800184d   Thumb Code    52  stm32f4xx_spi.o(.text)
    SPI_I2S_ClearITPendingBit                0x08001881   Thumb Code    20  stm32f4xx_spi.o(.text)
    TIM_DeInit                               0x08001895   Thumb Code   346  stm32f4xx_tim.o(.text)
    TIM_TimeBaseInit                         0x080019ef   Thumb Code   104  stm32f4xx_tim.o(.text)
    TIM_TimeBaseStructInit                   0x08001a57   Thumb Code    18  stm32f4xx_tim.o(.text)
    TIM_PrescalerConfig                      0x08001a69   Thumb Code     6  stm32f4xx_tim.o(.text)
    TIM_CounterModeConfig                    0x08001a6f   Thumb Code    18  stm32f4xx_tim.o(.text)
    TIM_SetCounter                           0x08001a81   Thumb Code     4  stm32f4xx_tim.o(.text)
    TIM_SetAutoreload                        0x08001a85   Thumb Code     4  stm32f4xx_tim.o(.text)
    TIM_GetCounter                           0x08001a89   Thumb Code     6  stm32f4xx_tim.o(.text)
    TIM_GetPrescaler                         0x08001a8f   Thumb Code     6  stm32f4xx_tim.o(.text)
    TIM_UpdateDisableConfig                  0x08001a95   Thumb Code    24  stm32f4xx_tim.o(.text)
    TIM_UpdateRequestConfig                  0x08001aad   Thumb Code    24  stm32f4xx_tim.o(.text)
    TIM_ARRPreloadConfig                     0x08001ac5   Thumb Code    24  stm32f4xx_tim.o(.text)
    TIM_SelectOnePulseMode                   0x08001add   Thumb Code    18  stm32f4xx_tim.o(.text)
    TIM_SetClockDivision                     0x08001aef   Thumb Code    18  stm32f4xx_tim.o(.text)
    TIM_Cmd                                  0x08001b01   Thumb Code    24  stm32f4xx_tim.o(.text)
    TIM_OC1Init                              0x08001b19   Thumb Code   114  stm32f4xx_tim.o(.text)
    TIM_OC2Init                              0x08001b8b   Thumb Code   154  stm32f4xx_tim.o(.text)
    TIM_OC3Init                              0x08001c25   Thumb Code   204  stm32f4xx_tim.o(.text)
    TIM_OC4Init                              0x08001cf1   Thumb Code   112  stm32f4xx_tim.o(.text)
    TIM_OCStructInit                         0x08001d61   Thumb Code    20  stm32f4xx_tim.o(.text)
    TIM_SelectOCxM                           0x08001d75   Thumb Code    86  stm32f4xx_tim.o(.text)
    TIM_SetCompare1                          0x08001dcb   Thumb Code     4  stm32f4xx_tim.o(.text)
    TIM_SetCompare2                          0x08001dcf   Thumb Code     4  stm32f4xx_tim.o(.text)
    TIM_SetCompare3                          0x08001dd3   Thumb Code     4  stm32f4xx_tim.o(.text)
    TIM_SetCompare4                          0x08001dd7   Thumb Code     4  stm32f4xx_tim.o(.text)
    TIM_ForcedOC1Config                      0x08001ddb   Thumb Code    18  stm32f4xx_tim.o(.text)
    TIM_ForcedOC2Config                      0x08001ded   Thumb Code    26  stm32f4xx_tim.o(.text)
    TIM_ForcedOC3Config                      0x08001e07   Thumb Code    18  stm32f4xx_tim.o(.text)
    TIM_ForcedOC4Config                      0x08001e19   Thumb Code    26  stm32f4xx_tim.o(.text)
    TIM_OC1PreloadConfig                     0x08001e33   Thumb Code    18  stm32f4xx_tim.o(.text)
    TIM_OC2PreloadConfig                     0x08001e45   Thumb Code    26  stm32f4xx_tim.o(.text)
    TIM_OC3PreloadConfig                     0x08001e5f   Thumb Code    18  stm32f4xx_tim.o(.text)
    TIM_OC4PreloadConfig                     0x08001e71   Thumb Code    26  stm32f4xx_tim.o(.text)
    TIM_OC1FastConfig                        0x08001e8b   Thumb Code    18  stm32f4xx_tim.o(.text)
    TIM_OC2FastConfig                        0x08001e9d   Thumb Code    26  stm32f4xx_tim.o(.text)
    TIM_OC3FastConfig                        0x08001eb7   Thumb Code    18  stm32f4xx_tim.o(.text)
    TIM_OC4FastConfig                        0x08001ec9   Thumb Code    26  stm32f4xx_tim.o(.text)
    TIM_ClearOC1Ref                          0x08001ee3   Thumb Code    18  stm32f4xx_tim.o(.text)
    TIM_ClearOC2Ref                          0x08001ef5   Thumb Code    24  stm32f4xx_tim.o(.text)
    TIM_ClearOC3Ref                          0x08001f0d   Thumb Code    18  stm32f4xx_tim.o(.text)
    TIM_ClearOC4Ref                          0x08001f1f   Thumb Code    24  stm32f4xx_tim.o(.text)
    TIM_OC1PolarityConfig                    0x08001f37   Thumb Code    18  stm32f4xx_tim.o(.text)
    TIM_OC1NPolarityConfig                   0x08001f49   Thumb Code    18  stm32f4xx_tim.o(.text)
    TIM_OC2PolarityConfig                    0x08001f5b   Thumb Code    26  stm32f4xx_tim.o(.text)
    TIM_OC2NPolarityConfig                   0x08001f75   Thumb Code    26  stm32f4xx_tim.o(.text)
    TIM_OC3PolarityConfig                    0x08001f8f   Thumb Code    26  stm32f4xx_tim.o(.text)
    TIM_OC3NPolarityConfig                   0x08001fa9   Thumb Code    26  stm32f4xx_tim.o(.text)
    TIM_OC4PolarityConfig                    0x08001fc3   Thumb Code    26  stm32f4xx_tim.o(.text)
    TIM_CCxCmd                               0x08001fdd   Thumb Code    30  stm32f4xx_tim.o(.text)
    TIM_CCxNCmd                              0x08001ffb   Thumb Code    30  stm32f4xx_tim.o(.text)
    TIM_SetIC4Prescaler                      0x08002019   Thumb Code    26  stm32f4xx_tim.o(.text)
    TIM_SetIC3Prescaler                      0x08002083   Thumb Code    18  stm32f4xx_tim.o(.text)
    TIM_SetIC2Prescaler                      0x080020dd   Thumb Code    26  stm32f4xx_tim.o(.text)
    TIM_SetIC1Prescaler                      0x08002151   Thumb Code    18  stm32f4xx_tim.o(.text)
    TIM_ICInit                               0x0800219d   Thumb Code   110  stm32f4xx_tim.o(.text)
    TIM_ICStructInit                         0x0800220b   Thumb Code    18  stm32f4xx_tim.o(.text)
    TIM_PWMIConfig                           0x0800221d   Thumb Code   124  stm32f4xx_tim.o(.text)
    TIM_GetCapture1                          0x08002299   Thumb Code     6  stm32f4xx_tim.o(.text)
    TIM_GetCapture2                          0x0800229f   Thumb Code     6  stm32f4xx_tim.o(.text)
    TIM_GetCapture3                          0x080022a5   Thumb Code     6  stm32f4xx_tim.o(.text)
    TIM_GetCapture4                          0x080022ab   Thumb Code     6  stm32f4xx_tim.o(.text)
    TIM_BDTRConfig                           0x080022b1   Thumb Code    32  stm32f4xx_tim.o(.text)
    TIM_BDTRStructInit                       0x080022d1   Thumb Code    18  stm32f4xx_tim.o(.text)
    TIM_CtrlPWMOutputs                       0x080022e3   Thumb Code    30  stm32f4xx_tim.o(.text)
    TIM_SelectCOM                            0x08002301   Thumb Code    24  stm32f4xx_tim.o(.text)
    TIM_CCPreloadControl                     0x08002319   Thumb Code    24  stm32f4xx_tim.o(.text)
    TIM_ITConfig                             0x08002331   Thumb Code    18  stm32f4xx_tim.o(.text)
    TIM_GenerateEvent                        0x08002343   Thumb Code     4  stm32f4xx_tim.o(.text)
    TIM_GetFlagStatus                        0x08002347   Thumb Code    18  stm32f4xx_tim.o(.text)
    TIM_ClearFlag                            0x08002359   Thumb Code     6  stm32f4xx_tim.o(.text)
    TIM_GetITStatus                          0x0800235f   Thumb Code    34  stm32f4xx_tim.o(.text)
    TIM_ClearITPendingBit                    0x08002381   Thumb Code     6  stm32f4xx_tim.o(.text)
    TIM_DMAConfig                            0x08002387   Thumb Code    10  stm32f4xx_tim.o(.text)
    TIM_DMACmd                               0x08002391   Thumb Code    18  stm32f4xx_tim.o(.text)
    TIM_SelectCCDMA                          0x080023a3   Thumb Code    24  stm32f4xx_tim.o(.text)
    TIM_InternalClockConfig                  0x080023bb   Thumb Code    12  stm32f4xx_tim.o(.text)
    TIM_SelectInputTrigger                   0x080023c7   Thumb Code    18  stm32f4xx_tim.o(.text)
    TIM_ITRxExternalClockConfig              0x080023d9   Thumb Code    24  stm32f4xx_tim.o(.text)
    TIM_TIxExternalClockConfig               0x080023f1   Thumb Code    62  stm32f4xx_tim.o(.text)
    TIM_ETRConfig                            0x0800242f   Thumb Code    28  stm32f4xx_tim.o(.text)
    TIM_ETRClockMode1Config                  0x0800244b   Thumb Code    54  stm32f4xx_tim.o(.text)
    TIM_ETRClockMode2Config                  0x08002481   Thumb Code    32  stm32f4xx_tim.o(.text)
    TIM_SelectOutputTrigger                  0x080024a1   Thumb Code    18  stm32f4xx_tim.o(.text)
    TIM_SelectSlaveMode                      0x080024b3   Thumb Code    18  stm32f4xx_tim.o(.text)
    TIM_SelectMasterSlaveMode                0x080024c5   Thumb Code    18  stm32f4xx_tim.o(.text)
    TIM_EncoderInterfaceConfig               0x080024d7   Thumb Code    66  stm32f4xx_tim.o(.text)
    TIM_SelectHallSensor                     0x08002519   Thumb Code    24  stm32f4xx_tim.o(.text)
    TIM_RemapConfig                          0x08002531   Thumb Code     6  stm32f4xx_tim.o(.text)
    USART_DeInit                             0x08002539   Thumb Code   206  stm32f4xx_usart.o(.text)
    USART_Init                               0x08002607   Thumb Code   204  stm32f4xx_usart.o(.text)
    USART_StructInit                         0x080026d3   Thumb Code    24  stm32f4xx_usart.o(.text)
    USART_ClockInit                          0x080026eb   Thumb Code    32  stm32f4xx_usart.o(.text)
    USART_ClockStructInit                    0x0800270b   Thumb Code    12  stm32f4xx_usart.o(.text)
    USART_Cmd                                0x08002717   Thumb Code    24  stm32f4xx_usart.o(.text)
    USART_SetPrescaler                       0x0800272f   Thumb Code    16  stm32f4xx_usart.o(.text)
    USART_OverSampling8Cmd                   0x0800273f   Thumb Code    22  stm32f4xx_usart.o(.text)
    USART_OneBitMethodCmd                    0x08002755   Thumb Code    24  stm32f4xx_usart.o(.text)
    USART_SendData                           0x0800276d   Thumb Code     8  stm32f4xx_usart.o(.text)
    USART_ReceiveData                        0x08002775   Thumb Code    10  stm32f4xx_usart.o(.text)
    USART_SetAddress                         0x0800277f   Thumb Code    18  stm32f4xx_usart.o(.text)
    USART_ReceiverWakeUpCmd                  0x08002791   Thumb Code    24  stm32f4xx_usart.o(.text)
    USART_WakeUpConfig                       0x080027a9   Thumb Code    18  stm32f4xx_usart.o(.text)
    USART_LINBreakDetectLengthConfig         0x080027bb   Thumb Code    18  stm32f4xx_usart.o(.text)
    USART_LINCmd                             0x080027cd   Thumb Code    24  stm32f4xx_usart.o(.text)
    USART_SendBreak                          0x080027e5   Thumb Code    10  stm32f4xx_usart.o(.text)
    USART_HalfDuplexCmd                      0x080027ef   Thumb Code    24  stm32f4xx_usart.o(.text)
    USART_SetGuardTime                       0x08002807   Thumb Code    16  stm32f4xx_usart.o(.text)
    USART_SmartCardCmd                       0x08002817   Thumb Code    24  stm32f4xx_usart.o(.text)
    USART_SmartCardNACKCmd                   0x0800282f   Thumb Code    24  stm32f4xx_usart.o(.text)
    USART_IrDAConfig                         0x08002847   Thumb Code    18  stm32f4xx_usart.o(.text)
    USART_IrDACmd                            0x08002859   Thumb Code    24  stm32f4xx_usart.o(.text)
    USART_DMACmd                             0x08002871   Thumb Code    18  stm32f4xx_usart.o(.text)
    USART_ITConfig                           0x08002883   Thumb Code    74  stm32f4xx_usart.o(.text)
    USART_GetFlagStatus                      0x080028cd   Thumb Code    26  stm32f4xx_usart.o(.text)
    USART_ClearFlag                          0x080028e7   Thumb Code    18  stm32f4xx_usart.o(.text)
    USART_GetITStatus                        0x080028f9   Thumb Code   118  stm32f4xx_usart.o(.text)
    USART_ClearITPendingBit                  0x0800296f   Thumb Code    30  stm32f4xx_usart.o(.text)
    TM_USART_INT_GetSubPriority              0x0800298d   Thumb Code    52  usart.o(.text)
    TM_USART_InitCustomPinsCallback          0x080029c1   Thumb Code     2  usart.o(.text)
    TM_USART6_InitPins                       0x080029c3   Thumb Code    64  usart.o(.text)
    TM_UART5_InitPins                        0x08002a03   Thumb Code    58  usart.o(.text)
    TM_UART4_InitPins                        0x08002a3d   Thumb Code    60  usart.o(.text)
    TM_USART3_InitPins                       0x08002a79   Thumb Code    86  usart.o(.text)
    TM_USART2_InitPins                       0x08002acf   Thumb Code    62  usart.o(.text)
    TM_USART1_InitPins                       0x08002b0d   Thumb Code    62  usart.o(.text)
    TM_USART_INT_GetUsart                    0x08002b4b   Thumb Code    52  usart.o(.text)
    TM_USART_Init                            0x08002cd5   Thumb Code   264  usart.o(.text)
    TM_USART_InitWithFlowControl             0x08002ddd   Thumb Code   196  usart.o(.text)
    TM_USART_Getc                            0x08002ea1   Thumb Code    56  usart.o(.text)
    TM_USART_FindCharacter                   0x08002ed9   Thumb Code    56  usart.o(.text)
    TM_USART_Gets                            0x08002f11   Thumb Code    94  usart.o(.text)
    TM_USART_BufferEmpty                     0x08002f6f   Thumb Code    24  usart.o(.text)
    TM_USART_BufferFull                      0x08002f87   Thumb Code    28  usart.o(.text)
    TM_USART_ClearBuffer                     0x08002fa3   Thumb Code    22  usart.o(.text)
    TM_USART_SetCustomStringEndCharacter     0x08002fb9   Thumb Code    18  usart.o(.text)
    TM_USART_Puts                            0x08002fcb   Thumb Code    62  usart.o(.text)
    TM_USART_Send                            0x08003009   Thumb Code    66  usart.o(.text)
    TM_USART_INT_InsertToBuffer              0x0800304b   Thumb Code    40  usart.o(.text)
    USART1_IRQHandler                        0x08003073   Thumb Code    44  usart.o(.text)
    USART2_IRQHandler                        0x0800309f   Thumb Code    28  usart.o(.text)
    USART3_IRQHandler                        0x080030bb   Thumb Code    28  usart.o(.text)
    UART4_IRQHandler                         0x080030d7   Thumb Code    28  usart.o(.text)
    UART5_IRQHandler                         0x080030f3   Thumb Code    26  usart.o(.text)
    USART6_IRQHandler                        0x0800310d   Thumb Code    28  usart.o(.text)
    buzzer_off                               0x0800315d   Thumb Code    12  buzzer.o(.text)
    buzzer_init                              0x08003169   Thumb Code   152  buzzer.o(.text)
    buzzer_on                                0x08003201   Thumb Code    40  buzzer.o(.text)
    get_note_period                          0x08003229   Thumb Code    54  buzzer.o(.text)
    buzzer_set_note_period                   0x0800325f   Thumb Code    32  buzzer.o(.text)
    buzzer_check                             0x0800327f   Thumb Code   280  buzzer.o(.text)
    buzzer_stop_song                         0x08003397   Thumb Code     8  buzzer.o(.text)
    buzzer_control                           0x0800339f   Thumb Code    42  buzzer.o(.text)
    buzzer_set_volume                        0x080033c9   Thumb Code    12  buzzer.o(.text)
    buzzer_play_song                         0x080033d5   Thumb Code    84  buzzer.o(.text)
    AF_config                                0x08003475   Thumb Code   190  gpio.o(.text)
    LED_gpio_rcc_init                        0x08003533   Thumb Code   156  gpio.o(.text)
    LED_init                                 0x080035cf   Thumb Code    64  gpio.o(.text)
    timer_gpio_init                          0x0800360f   Thumb Code    48  gpio.o(.text)
    LED_control                              0x0800363f   Thumb Code    30  gpio.o(.text)
    BUTTON_init                              0x0800365d   Thumb Code    44  gpio.o(.text)
    gpio_read_input                          0x08003689   Thumb Code    14  gpio.o(.text)
    SysTick_Init                             0x0800369d   Thumb Code    88  ticks.o(.text)
    TimeTick_Decrement                       0x080036f5   Thumb Code    18  ticks.o(.text)
    TimeTick_Increment                       0x08003707   Thumb Code    30  ticks.o(.text)
    get_us_ticks                             0x08003725   Thumb Code     6  ticks.o(.text)
    get_ms_ticks                             0x0800372b   Thumb Code    14  ticks.o(.text)
    delay_nus                                0x08003739   Thumb Code    16  ticks.o(.text)
    delay_1ms                                0x08003749   Thumb Code    20  ticks.o(.text)
    delay_nms                                0x0800375d   Thumb Code    20  ticks.o(.text)
    timer_rcc_init                           0x0800378d   Thumb Code   228  timer.o(.text)
    timer_init                               0x08003871   Thumb Code    54  timer.o(.text)
    pwm_timer_init                           0x080038a7   Thumb Code   172  timer.o(.text)
    button_init                              0x08003989   Thumb Code    40  button.o(.text)
    LEd_init                                 0x080039c9   Thumb Code    16  led.o(.text)
    tft_spi_init                             0x080039e1   Thumb Code   180  1.8 tft_display.o(.text)
    tft_write_command                        0x08003a95   Thumb Code    76  1.8 tft_display.o(.text)
    tft_write_data                           0x08003ae1   Thumb Code    76  1.8 tft_display.o(.text)
    tft_config                               0x08003b2d   Thumb Code   514  1.8 tft_display.o(.text)
    tft_reset                                0x08003d2f   Thumb Code    36  1.8 tft_display.o(.text)
    tft_fill_color                           0x08003d53   Thumb Code    98  1.8 tft_display.o(.text)
    tft_set_special_color                    0x08003db5   Thumb Code     6  1.8 tft_display.o(.text)
    tft_set_text_color                       0x08003dbb   Thumb Code    42  1.8 tft_display.o(.text)
    tft_set_bg_color                         0x08003de5   Thumb Code     6  1.8 tft_display.o(.text)
    tft_init                                 0x08003deb   Thumb Code   172  1.8 tft_display.o(.text)
    tft_enable                               0x08003e97   Thumb Code     8  1.8 tft_display.o(.text)
    tft_disable                              0x08003e9f   Thumb Code     8  1.8 tft_display.o(.text)
    tft_get_bg_color                         0x08003ea7   Thumb Code     6  1.8 tft_display.o(.text)
    tft_get_text_color                       0x08003ead   Thumb Code     6  1.8 tft_display.o(.text)
    tft_get_special_text_color               0x08003eb3   Thumb Code     6  1.8 tft_display.o(.text)
    tft_get_orientation                      0x08003eb9   Thumb Code     6  1.8 tft_display.o(.text)
    tft_force_clear                          0x08003ebf   Thumb Code    86  1.8 tft_display.o(.text)
    tft_set_orientation                      0x08003f15   Thumb Code    28  1.8 tft_display.o(.text)
    tft_get_max_x_char                       0x08003f31   Thumb Code    24  1.8 tft_display.o(.text)
    tft_get_max_y_char                       0x08003f49   Thumb Code    24  1.8 tft_display.o(.text)
    tft_set_pixel_pos                        0x08003f61   Thumb Code    78  1.8 tft_display.o(.text)
    tft_set_char_pos                         0x08003faf   Thumb Code    82  1.8 tft_display.o(.text)
    tft_clear_line                           0x08004001   Thumb Code    68  1.8 tft_display.o(.text)
    tft_clear                                0x08004045   Thumb Code    22  1.8 tft_display.o(.text)
    tft_toggle                               0x0800405b   Thumb Code    34  1.8 tft_display.o(.text)
    tft_put_pixel                            0x0800407d   Thumb Code   100  1.8 tft_display.o(.text)
    tft_char_is_changed                      0x080040e1   Thumb Code   186  1.8 tft_display.o(.text)
    tft_prints                               0x0800419b   Thumb Code   268  1.8 tft_display.o(.text)
    tft_update                               0x080042a7   Thumb Code  1454  1.8 tft_display.o(.text)
    picture_put_pixel                        0x08004855   Thumb Code    62  1.8 tft_display.o(.text)
    do_picture                               0x08004893   Thumb Code   152  1.8 tft_display.o(.text)
    picture_check                            0x0800492b   Thumb Code   166  1.8 tft_display.o(.text)
    TM_GPS_INT_ClearFlags                    0x08004a19   Thumb Code    38  gps.o(.text)
    TM_GPS_Init                              0x08004a3f   Thumb Code   222  gps.o(.text)
    TM_GPS_INT_FlagsOk                       0x08004b1d   Thumb Code    54  gps.o(.text)
    TM_GPS_INT_Return                        0x08004b53   Thumb Code   238  gps.o(.text)
    TM_GPS_INT_Atoi                          0x08004c41   Thumb Code    48  gps.o(.text)
    TM_GPS_INT_Pow                           0x08004c71   Thumb Code    22  gps.o(.text)
    TM_GPS_INT_StringStartsWith              0x08004c87   Thumb Code    32  gps.o(.text)
    TM_GPS_INT_CheckTerm                     0x08004ca7   Thumb Code  2782  gps.o(.text)
    TM_GPS_INT_CheckEmpty                    0x08005785   Thumb Code   436  gps.o(.text)
    TM_GPS_INT_Hex2Dec                       0x08005939   Thumb Code    54  gps.o(.text)
    TM_GPS_INT_Do                            0x0800596f   Thumb Code   344  gps.o(.text)
    TM_GPS_Update                            0x08005ac7   Thumb Code   132  gps.o(.text)
    TM_GPS_AddCustom                         0x08005b4b   Thumb Code    74  gps.o(.text)
    TM_GPS_ConvertSpeed                      0x08005b95   Thumb Code   184  gps.o(.text)
    TM_GPS_ConvertFloat                      0x08005c4d   Thumb Code   114  gps.o(.text)
    TM_GPS_DistanceBetween                   0x08005cbf   Thumb Code  1130  gps.o(.text)
    TM_GPIO_INT_Init                         0x08006135   Thumb Code   174  stm32_gpio.o(.text)
    TM_GPIO_INT_EnableClock                  0x080061e3   Thumb Code   200  stm32_gpio.o(.text)
    TM_GPIO_Init                             0x080062ab   Thumb Code    48  stm32_gpio.o(.text)
    TM_GPIO_InitAlternate                    0x080062db   Thumb Code   110  stm32_gpio.o(.text)
    TM_GPIO_DeInit                           0x08006349   Thumb Code    38  stm32_gpio.o(.text)
    TM_GPIO_SetPinAsInput                    0x0800636f   Thumb Code    38  stm32_gpio.o(.text)
    TM_GPIO_SetPinAsOutput                   0x08006395   Thumb Code    46  stm32_gpio.o(.text)
    TM_GPIO_SetPinAsAnalog                   0x080063c3   Thumb Code    38  stm32_gpio.o(.text)
    TM_GPIO_Lock                             0x080063e9   Thumb Code    16  stm32_gpio.o(.text)
    TM_GPIO_GetPortSource                    0x080063f9   Thumb Code    94  stm32_gpio.o(.text)
    TM_GPIO_GetPinSource                     0x08006457   Thumb Code    18  stm32_gpio.o(.text)
    TM_GPIO_INT_DisableClock                 0x08006469   Thumb Code   200  stm32_gpio.o(.text)
    malloc                                   0x08006561   Thumb Code    94  h1_alloc.o(.text)
    __c89vsprintf                            0x080065c1   Thumb Code    32  c89vsprintf.o(.text)
    strcpy                                   0x080065e5   Thumb Code    72  strcpy.o(.text)
    __use_two_region_memory                  0x0800662d   Thumb Code     2  heapauxi.o(.text)
    __rt_heap_escrow                         0x0800662f   Thumb Code     2  heapauxi.o(.text)
    __rt_heap_expand                         0x08006631   Thumb Code     2  heapauxi.o(.text)
    __rt_heap_descriptor                     0x08006635   Thumb Code     8  rt_heap_descriptor_intlibspace.o(.text)
    __use_no_heap                            0x0800663d   Thumb Code     2  hguard.o(.text)
    __heap$guard                             0x0800663f   Thumb Code     2  hguard.o(.text)
    _terminate_user_alloc                    0x08006641   Thumb Code     2  init_alloc.o(.text)
    _init_user_alloc                         0x08006643   Thumb Code     2  init_alloc.o(.text)
    __Heap_Full                              0x08006645   Thumb Code    34  init_alloc.o(.text)
    __Heap_Broken                            0x08006667   Thumb Code     6  init_alloc.o(.text)
    _init_alloc                              0x0800666d   Thumb Code    94  init_alloc.o(.text)
    __Heap_Initialize                        0x080066cb   Thumb Code    10  h1_init.o(.text)
    __Heap_DescSize                          0x080066d5   Thumb Code     4  h1_init.o(.text)
    free                                     0x080066d9   Thumb Code    78  h1_free.o(.text)
    __read_errno                             0x08006727   Thumb Code    10  _rserrno.o(.text)
    __set_errno                              0x08006731   Thumb Code    12  _rserrno.o(.text)
    _printf_pre_padding                      0x0800673d   Thumb Code    44  _printf_pad.o(.text)
    _printf_post_padding                     0x08006769   Thumb Code    34  _printf_pad.o(.text)
    _printf_truncate_signed                  0x0800678b   Thumb Code    18  _printf_truncate.o(.text)
    _printf_truncate_unsigned                0x0800679d   Thumb Code    18  _printf_truncate.o(.text)
    _printf_str                              0x080067af   Thumb Code    82  _printf_str.o(.text)
    _printf_int_dec                          0x08006801   Thumb Code   104  _printf_dec.o(.text)
    _printf_charcount                        0x08006879   Thumb Code    40  _printf_charcount.o(.text)
    _printf_char_common                      0x080068ab   Thumb Code    32  _printf_char_common.o(.text)
    _sputc                                   0x080068d1   Thumb Code    10  _sputc.o(.text)
    _printf_wctomb                           0x080068dd   Thumb Code   182  _printf_wctomb.o(.text)
    _printf_longlong_dec                     0x08006999   Thumb Code   108  _printf_longlong_dec.o(.text)
    _printf_longlong_oct                     0x08006a15   Thumb Code    68  _printf_oct_int_ll.o(.text)
    _printf_int_oct                          0x08006a59   Thumb Code    24  _printf_oct_int_ll.o(.text)
    _printf_ll_oct                           0x08006a71   Thumb Code    12  _printf_oct_int_ll.o(.text)
    _printf_longlong_hex                     0x08006a85   Thumb Code    86  _printf_hex_int_ll_ptr.o(.text)
    _printf_int_hex                          0x08006adb   Thumb Code    28  _printf_hex_int_ll_ptr.o(.text)
    _printf_ll_hex                           0x08006af7   Thumb Code    12  _printf_hex_int_ll_ptr.o(.text)
    _printf_hex_ptr                          0x08006b03   Thumb Code    18  _printf_hex_int_ll_ptr.o(.text)
    __printf                                 0x08006b19   Thumb Code   388  __printf_flags_ss_wp.o(.text)
    __user_libspace                          0x08006ca1   Thumb Code     8  libspace.o(.text)
    __user_perproc_libspace                  0x08006ca1   Thumb Code     0  libspace.o(.text)
    __user_perthread_libspace                0x08006ca1   Thumb Code     0  libspace.o(.text)
    __aeabi_errno_addr                       0x08006ca9   Thumb Code     8  rt_errno_addr_intlibspace.o(.text)
    __errno$intlibspace                      0x08006ca9   Thumb Code     0  rt_errno_addr_intlibspace.o(.text)
    __rt_errno_addr$intlibspace              0x08006ca9   Thumb Code     0  rt_errno_addr_intlibspace.o(.text)
    __Heap_ProvideMemory                     0x08006cb1   Thumb Code    52  h1_extend.o(.text)
    _ll_udiv10                               0x08006ce5   Thumb Code   138  lludiv10.o(.text)
    _printf_int_common                       0x08006d6f   Thumb Code   178  _printf_intcommon.o(.text)
    __lib_sel_fp_printf                      0x08006e21   Thumb Code     2  _printf_fp_dec.o(.text)
    _printf_fp_dec_real                      0x08006fcf   Thumb Code   620  _printf_fp_dec.o(.text)
    _printf_cs_common                        0x0800723b   Thumb Code    20  _printf_char.o(.text)
    _printf_char                             0x0800724f   Thumb Code    16  _printf_char.o(.text)
    _printf_string                           0x0800725f   Thumb Code     8  _printf_char.o(.text)
    _printf_lcs_common                       0x08007267   Thumb Code    20  _printf_wchar.o(.text)
    _printf_wchar                            0x0800727b   Thumb Code    16  _printf_wchar.o(.text)
    _printf_wstring                          0x0800728b   Thumb Code     8  _printf_wchar.o(.text)
    _wcrtomb                                 0x08007293   Thumb Code    64  _wcrtomb.o(.text)
    __rt_SIGRTMEM                            0x080072d3   Thumb Code    14  defsig_rtmem_outer.o(.text)
    __I$use$semihosting                      0x080072e1   Thumb Code     0  use_no_semi.o(.text)
    __use_no_semihosting_swi                 0x080072e1   Thumb Code     2  use_no_semi.o(.text)
    __semihosting_library_function           0x080072e3   Thumb Code     0  indicate_semi.o(.text)
    __user_setup_stackheap                   0x080072e3   Thumb Code    74  sys_stackheap_outer.o(.text)
    __rt_ctype_table                         0x0800732d   Thumb Code    16  rt_ctype_table.o(.text)
    __rt_locale                              0x0800733d   Thumb Code     8  rt_locale_intlibspace.o(.text)
    _printf_fp_infnan                        0x08007345   Thumb Code   112  _printf_fp_infnan.o(.text)
    _btod_etento                             0x080073c5   Thumb Code   216  bigflt0.o(.text)
    exit                                     0x080074a1   Thumb Code    12  exit.o(.text)
    __sig_exit                               0x080074ad   Thumb Code    10  defsig_exit.o(.text)
    __rt_SIGRTMEM_inner                      0x080074b9   Thumb Code    22  defsig_rtmem_inner.o(.text)
    _sys_exit                                0x08007509   Thumb Code     8  sys_exit.o(.text)
    __default_signal_display                 0x08007515   Thumb Code    50  defsig_general.o(.text)
    strcmp                                   0x08007549   Thumb Code   128  strcmpv7m.o(.text)
    _ttywrch                                 0x080075c9   Thumb Code    14  sys_wrch.o(.text)
    _btod_d2e                                0x080075d7   Thumb Code    62  btod.o(CL$$btod_d2e)
    _d2e_denorm_low                          0x08007615   Thumb Code    70  btod.o(CL$$btod_d2e_denorm_low)
    _d2e_norm_op1                            0x0800765b   Thumb Code    96  btod.o(CL$$btod_d2e_norm_op1)
    __btod_div_common                        0x080076bb   Thumb Code   696  btod.o(CL$$btod_div_common)
    _e2e                                     0x080079f3   Thumb Code   198  btod.o(CL$$btod_e2e)
    _btod_ediv                               0x08007ab9   Thumb Code    40  btod.o(CL$$btod_ediv)
    _btod_emul                               0x08007ae1   Thumb Code    40  btod.o(CL$$btod_emul)
    __btod_mult_common                       0x08007b09   Thumb Code   580  btod.o(CL$$btod_mult_common)
    __ARM_fpclassify                         0x08007d4d   Thumb Code    48  fpclassify.o(i.__ARM_fpclassify)
    __hardfp_atan                            0x08007d81   Thumb Code   622  atan.o(i.__hardfp_atan)
    __hardfp_atan2                           0x08008059   Thumb Code   432  atan2.o(i.__hardfp_atan2)
    __hardfp_cos                             0x08008249   Thumb Code   180  cos.o(i.__hardfp_cos)
    __hardfp_sin                             0x08008311   Thumb Code   180  sin.o(i.__hardfp_sin)
    __hardfp_sqrt                            0x080083d9   Thumb Code   122  sqrt.o(i.__hardfp_sqrt)
    __ieee754_rem_pio2                       0x08008459   Thumb Code   938  rred.o(i.__ieee754_rem_pio2)
    __kernel_cos                             0x08008891   Thumb Code   322  cos_i.o(i.__kernel_cos)
    __kernel_poly                            0x08008a01   Thumb Code   248  poly.o(i.__kernel_poly)
    __kernel_sin                             0x08008af9   Thumb Code   280  sin_i.o(i.__kernel_sin)
    __mathlib_dbl_infnan                     0x08008c29   Thumb Code    20  dunder.o(i.__mathlib_dbl_infnan)
    __mathlib_dbl_infnan2                    0x08008c3d   Thumb Code    20  dunder.o(i.__mathlib_dbl_infnan2)
    __mathlib_dbl_invalid                    0x08008c51   Thumb Code    24  dunder.o(i.__mathlib_dbl_invalid)
    __mathlib_dbl_underflow                  0x08008c71   Thumb Code    24  dunder.o(i.__mathlib_dbl_underflow)
    _is_digit                                0x08008c91   Thumb Code    14  __printf_wp.o(i._is_digit)
    atan                                     0x08008c9f   Thumb Code    16  atan.o(i.atan)
    fabs                                     0x08008caf   Thumb Code    24  fabs.o(i.fabs)
    _get_lc_numeric                          0x08008cc9   Thumb Code    44  lc_numeric_c.o(locale$$code)
    _get_lc_ctype                            0x08008cf5   Thumb Code    44  lc_ctype_c.o(locale$$code)
    __aeabi_dneg                             0x08008d21   Thumb Code     0  basic.o(x$fpl$basic)
    _dneg                                    0x08008d21   Thumb Code     6  basic.o(x$fpl$basic)
    __aeabi_fneg                             0x08008d27   Thumb Code     0  basic.o(x$fpl$basic)
    _fneg                                    0x08008d27   Thumb Code     6  basic.o(x$fpl$basic)
    _dabs                                    0x08008d2d   Thumb Code     6  basic.o(x$fpl$basic)
    _fabs                                    0x08008d33   Thumb Code     6  basic.o(x$fpl$basic)
    __aeabi_d2f                              0x08008d39   Thumb Code     0  d2f.o(x$fpl$d2f)
    _d2f                                     0x08008d39   Thumb Code    98  d2f.o(x$fpl$d2f)
    __aeabi_dadd                             0x08008d9d   Thumb Code     0  daddsub_clz.o(x$fpl$dadd)
    _dadd                                    0x08008d9d   Thumb Code   332  daddsub_clz.o(x$fpl$dadd)
    __aeabi_ddiv                             0x08008eed   Thumb Code     0  ddiv.o(x$fpl$ddiv)
    _ddiv                                    0x08008eed   Thumb Code   552  ddiv.o(x$fpl$ddiv)
    __aeabi_d2iz                             0x0800919d   Thumb Code     0  dfix.o(x$fpl$dfix)
    _dfix                                    0x0800919d   Thumb Code    94  dfix.o(x$fpl$dfix)
    __aeabi_i2d                              0x080091fb   Thumb Code     0  dflt_clz.o(x$fpl$dflt)
    _dflt                                    0x080091fb   Thumb Code    46  dflt_clz.o(x$fpl$dflt)
    __aeabi_ui2d                             0x08009229   Thumb Code     0  dflt_clz.o(x$fpl$dfltu)
    _dfltu                                   0x08009229   Thumb Code    38  dflt_clz.o(x$fpl$dfltu)
    __aeabi_dmul                             0x08009251   Thumb Code     0  dmul.o(x$fpl$dmul)
    _dmul                                    0x08009251   Thumb Code   332  dmul.o(x$fpl$dmul)
    __fpl_dnaninf                            0x080093a5   Thumb Code   156  dnaninf.o(x$fpl$dnaninf)
    __fpl_dretinf                            0x08009441   Thumb Code    12  dretinf.o(x$fpl$dretinf)
    __aeabi_drsub                            0x0800944d   Thumb Code     0  daddsub_clz.o(x$fpl$drsb)
    _drsb                                    0x0800944d   Thumb Code    22  daddsub_clz.o(x$fpl$drsb)
    _dsqrt                                   0x08009465   Thumb Code   404  dsqrt_umaal.o(x$fpl$dsqrt)
    __aeabi_dsub                             0x080095fd   Thumb Code     0  daddsub_clz.o(x$fpl$dsub)
    _dsub                                    0x080095fd   Thumb Code   464  daddsub_clz.o(x$fpl$dsub)
    __aeabi_f2d                              0x080097d1   Thumb Code     0  f2d.o(x$fpl$f2d)
    _f2d                                     0x080097d1   Thumb Code    86  f2d.o(x$fpl$f2d)
    __fpl_fnaninf                            0x08009827   Thumb Code   140  fnaninf.o(x$fpl$fnaninf)
    _fp_init                                 0x080098b3   Thumb Code    10  fpinit.o(x$fpl$fpinit)
    __fplib_config_fpu_vfp                   0x080098bb   Thumb Code     0  fpinit.o(x$fpl$fpinit)
    __fplib_config_pureend_doubles           0x080098bb   Thumb Code     0  fpinit.o(x$fpl$fpinit)
    __fpl_fretinf                            0x080098bd   Thumb Code    10  fretinf.o(x$fpl$fretinf)
    _printf_fp_dec                           0x080098c7   Thumb Code     4  printf1.o(x$fpl$printf1)
    __I$use$fp                               0x080098ca   Number         0  usenofp.o(x$fpl$usenofp)
    PA0                                      0x080098cc   Data           8  gpio.o(.constdata)
    PA1                                      0x080098d4   Data           8  gpio.o(.constdata)
    PA2                                      0x080098dc   Data           8  gpio.o(.constdata)
    PA3                                      0x080098e4   Data           8  gpio.o(.constdata)
    PA4                                      0x080098ec   Data           8  gpio.o(.constdata)
    PA5                                      0x080098f4   Data           8  gpio.o(.constdata)
    PA6                                      0x080098fc   Data           8  gpio.o(.constdata)
    PA7                                      0x08009904   Data           8  gpio.o(.constdata)
    PA8                                      0x0800990c   Data           8  gpio.o(.constdata)
    PA9                                      0x08009914   Data           8  gpio.o(.constdata)
    PA10                                     0x0800991c   Data           8  gpio.o(.constdata)
    PA11                                     0x08009924   Data           8  gpio.o(.constdata)
    PA12                                     0x0800992c   Data           8  gpio.o(.constdata)
    PA13                                     0x08009934   Data           8  gpio.o(.constdata)
    PA14                                     0x0800993c   Data           8  gpio.o(.constdata)
    PA15                                     0x08009944   Data           8  gpio.o(.constdata)
    PB0                                      0x0800994c   Data           8  gpio.o(.constdata)
    PB1                                      0x08009954   Data           8  gpio.o(.constdata)
    PB2                                      0x0800995c   Data           8  gpio.o(.constdata)
    PB3                                      0x08009964   Data           8  gpio.o(.constdata)
    PB4                                      0x0800996c   Data           8  gpio.o(.constdata)
    PB5                                      0x08009974   Data           8  gpio.o(.constdata)
    PB6                                      0x0800997c   Data           8  gpio.o(.constdata)
    PB7                                      0x08009984   Data           8  gpio.o(.constdata)
    PB8                                      0x0800998c   Data           8  gpio.o(.constdata)
    PB9                                      0x08009994   Data           8  gpio.o(.constdata)
    PB10                                     0x0800999c   Data           8  gpio.o(.constdata)
    PB11                                     0x080099a4   Data           8  gpio.o(.constdata)
    PB12                                     0x080099ac   Data           8  gpio.o(.constdata)
    PB13                                     0x080099b4   Data           8  gpio.o(.constdata)
    PB14                                     0x080099bc   Data           8  gpio.o(.constdata)
    PB15                                     0x080099c4   Data           8  gpio.o(.constdata)
    PC0                                      0x080099cc   Data           8  gpio.o(.constdata)
    PC1                                      0x080099d4   Data           8  gpio.o(.constdata)
    PC2                                      0x080099dc   Data           8  gpio.o(.constdata)
    PC3                                      0x080099e4   Data           8  gpio.o(.constdata)
    PC4                                      0x080099ec   Data           8  gpio.o(.constdata)
    PC5                                      0x080099f4   Data           8  gpio.o(.constdata)
    PC6                                      0x080099fc   Data           8  gpio.o(.constdata)
    PC7                                      0x08009a04   Data           8  gpio.o(.constdata)
    PC8                                      0x08009a0c   Data           8  gpio.o(.constdata)
    PC9                                      0x08009a14   Data           8  gpio.o(.constdata)
    PC10                                     0x08009a1c   Data           8  gpio.o(.constdata)
    PC11                                     0x08009a24   Data           8  gpio.o(.constdata)
    PC12                                     0x08009a2c   Data           8  gpio.o(.constdata)
    PC13                                     0x08009a34   Data           8  gpio.o(.constdata)
    PC14                                     0x08009a3c   Data           8  gpio.o(.constdata)
    PC15                                     0x08009a44   Data           8  gpio.o(.constdata)
    PD0                                      0x08009a4c   Data           8  gpio.o(.constdata)
    PD1                                      0x08009a54   Data           8  gpio.o(.constdata)
    PD2                                      0x08009a5c   Data           8  gpio.o(.constdata)
    PD3                                      0x08009a64   Data           8  gpio.o(.constdata)
    PD4                                      0x08009a6c   Data           8  gpio.o(.constdata)
    PD5                                      0x08009a74   Data           8  gpio.o(.constdata)
    PD6                                      0x08009a7c   Data           8  gpio.o(.constdata)
    PD7                                      0x08009a84   Data           8  gpio.o(.constdata)
    PD8                                      0x08009a8c   Data           8  gpio.o(.constdata)
    PD9                                      0x08009a94   Data           8  gpio.o(.constdata)
    PD10                                     0x08009a9c   Data           8  gpio.o(.constdata)
    PD11                                     0x08009aa4   Data           8  gpio.o(.constdata)
    PD12                                     0x08009aac   Data           8  gpio.o(.constdata)
    PD13                                     0x08009ab4   Data           8  gpio.o(.constdata)
    PD14                                     0x08009abc   Data           8  gpio.o(.constdata)
    PD15                                     0x08009ac4   Data           8  gpio.o(.constdata)
    PE0                                      0x08009acc   Data           8  gpio.o(.constdata)
    PE1                                      0x08009ad4   Data           8  gpio.o(.constdata)
    PE2                                      0x08009adc   Data           8  gpio.o(.constdata)
    PE3                                      0x08009ae4   Data           8  gpio.o(.constdata)
    PE4                                      0x08009aec   Data           8  gpio.o(.constdata)
    PE5                                      0x08009af4   Data           8  gpio.o(.constdata)
    PE6                                      0x08009afc   Data           8  gpio.o(.constdata)
    PE7                                      0x08009b04   Data           8  gpio.o(.constdata)
    PE8                                      0x08009b0c   Data           8  gpio.o(.constdata)
    PE9                                      0x08009b14   Data           8  gpio.o(.constdata)
    PE10                                     0x08009b1c   Data           8  gpio.o(.constdata)
    PE11                                     0x08009b24   Data           8  gpio.o(.constdata)
    PE12                                     0x08009b2c   Data           8  gpio.o(.constdata)
    PE13                                     0x08009b34   Data           8  gpio.o(.constdata)
    PE14                                     0x08009b3c   Data           8  gpio.o(.constdata)
    PE15                                     0x08009b44   Data           8  gpio.o(.constdata)
    PF0                                      0x08009b4c   Data           8  gpio.o(.constdata)
    PF1                                      0x08009b54   Data           8  gpio.o(.constdata)
    PF2                                      0x08009b5c   Data           8  gpio.o(.constdata)
    PF3                                      0x08009b64   Data           8  gpio.o(.constdata)
    PF4                                      0x08009b6c   Data           8  gpio.o(.constdata)
    PF5                                      0x08009b74   Data           8  gpio.o(.constdata)
    PF6                                      0x08009b7c   Data           8  gpio.o(.constdata)
    PF7                                      0x08009b84   Data           8  gpio.o(.constdata)
    PF8                                      0x08009b8c   Data           8  gpio.o(.constdata)
    PF9                                      0x08009b94   Data           8  gpio.o(.constdata)
    PF10                                     0x08009b9c   Data           8  gpio.o(.constdata)
    PF11                                     0x08009ba4   Data           8  gpio.o(.constdata)
    PF12                                     0x08009bac   Data           8  gpio.o(.constdata)
    PF13                                     0x08009bb4   Data           8  gpio.o(.constdata)
    PF14                                     0x08009bbc   Data           8  gpio.o(.constdata)
    PF15                                     0x08009bc4   Data           8  gpio.o(.constdata)
    PG0                                      0x08009bcc   Data           8  gpio.o(.constdata)
    PG1                                      0x08009bd4   Data           8  gpio.o(.constdata)
    PG2                                      0x08009bdc   Data           8  gpio.o(.constdata)
    PG3                                      0x08009be4   Data           8  gpio.o(.constdata)
    PG4                                      0x08009bec   Data           8  gpio.o(.constdata)
    PG5                                      0x08009bf4   Data           8  gpio.o(.constdata)
    PG6                                      0x08009bfc   Data           8  gpio.o(.constdata)
    PG7                                      0x08009c04   Data           8  gpio.o(.constdata)
    PG8                                      0x08009c0c   Data           8  gpio.o(.constdata)
    PG9                                      0x08009c14   Data           8  gpio.o(.constdata)
    PG10                                     0x08009c1c   Data           8  gpio.o(.constdata)
    PG11                                     0x08009c24   Data           8  gpio.o(.constdata)
    PG12                                     0x08009c2c   Data           8  gpio.o(.constdata)
    PG13                                     0x08009c34   Data           8  gpio.o(.constdata)
    PG14                                     0x08009c3c   Data           8  gpio.o(.constdata)
    PG15                                     0x08009c44   Data           8  gpio.o(.constdata)
    START_UP                                 0x08009c4c   Data          12  buzzer_song.o(.constdata)
    SUCCESSFUL_SOUND                         0x08009c58   Data           8  buzzer_song.o(.constdata)
    FAIL_SOUND                               0x08009c60   Data           6  buzzer_song.o(.constdata)
    CLICK_LEFT                               0x08009c66   Data           4  buzzer_song.o(.constdata)
    CLICK_RIGHT                              0x08009c6a   Data           4  buzzer_song.o(.constdata)
    CLICK_DOWN                               0x08009c6e   Data           4  buzzer_song.o(.constdata)
    CLICK_UP                                 0x08009c72   Data           4  buzzer_song.o(.constdata)
    CLICK_CENTER                             0x08009c76   Data           4  buzzer_song.o(.constdata)
    CLICK_SMALL_BUTTON                       0x08009c7a   Data           4  buzzer_song.o(.constdata)
    CLICK_MUSIC                              0x08009c7e   Data           4  buzzer_song.o(.constdata)
    BIRTHDAY_SONG                            0x08009c82   Data         144  buzzer_song.o(.constdata)
    __mathlib_zero                           0x08009e20   Data           8  qnan.o(.constdata)
    Region$$Table$$Base                      0x08009fac   Number         0  anon$$obj.o(Region$$Table)
    Region$$Table$$Limit                     0x08009fcc   Number         0  anon$$obj.o(Region$$Table)
    __ctype                                  0x08009ff5   Data           0  lc_ctype_c.o(locale$$data)
    minute                                   0x20001008   Data           1  main.o(.data)
    second                                   0x20001009   Data           1  main.o(.data)
    hour                                     0x2000100a   Data           1  main.o(.data)
    ms                                       0x2000100c   Data           2  main.o(.data)
    a                                        0x20001010   Data           4  main.o(.data)
    b                                        0x20001014   Data           4  main.o(.data)
    r                                        0x20001018   Data           4  main.o(.data)
    result                                   0x2000101c   Data           1  main.o(.data)
    current                                  0x2000101d   Data           1  main.o(.data)
    GPS_Float                                0x20001020   Data           8  main.o(.data)
    GPRMC                                    0x20001028   Data           4  main.o(.data)
    GPGLL                                    0x2000102c   Data           4  main.o(.data)
    GPGSA                                    0x20001030   Data           4  main.o(.data)
    SystemCoreClock                          0x20001034   Data           4  system_stm32f4xx.o(.data)
    AHBPrescTable                            0x20001038   Data          16  system_stm32f4xx.o(.data)
    TM_USART1                                0x20002058   Data          16  usart.o(.data)
    TM_USART2                                0x20002068   Data          16  usart.o(.data)
    TM_USART3                                0x20002078   Data          16  usart.o(.data)
    TM_UART4                                 0x20002088   Data          16  usart.o(.data)
    TM_UART5                                 0x20002098   Data          16  usart.o(.data)
    TM_USART6                                0x200020a8   Data          16  usart.o(.data)
    curr_bg_color                            0x200030dc   Data           2  1.8 tft_display.o(.data)
    curr_text_color                          0x200030de   Data           2  1.8 tft_display.o(.data)
    curr_text_color_sp                       0x200030e0   Data           2  1.8 tft_display.o(.data)
    tft_orientation                          0x200030e2   Data           1  1.8 tft_display.o(.data)
    tft_enabled                              0x200030e3   Data           1  1.8 tft_display.o(.data)
    print_pos                                0x200030e4   Data           2  1.8 tft_display.o(.data)
    array_num                                0x200030e8   Data           4  1.8 tft_display.o(.data)
    buffer_num                               0x200030ec   Data           4  1.8 tft_display.o(.data)
    pixel                                    0x200030f0   Data           4  1.8 tft_display.o(.data)
    buffer_print                             0x200030f4   Data           2  1.8 tft_display.o(.data)
    x                                        0x200030f8   Data           4  1.8 tft_display.o(.data)
    y                                        0x200030fc   Data           4  1.8 tft_display.o(.data)
    do_picture_flag                          0x20003100   Data           1  1.8 tft_display.o(.data)
    array_num1                               0x20003104   Data           4  1.8 tft_display.o(.data)
    x1                                       0x20003108   Data           4  1.8 tft_display.o(.data)
    y1                                       0x2000310c   Data           4  1.8 tft_display.o(.data)
    fuck_flag                                0x20003110   Data           1  1.8 tft_display.o(.data)
    fuck                                     0x20003114   Data           4  1.8 tft_display.o(.data)
    GPGSV_StatementsCount                    0x20004130   Data           1  gps.o(.data)
    GPSGV_StatementNumber                    0x20004131   Data           1  gps.o(.data)
    GPGSV_Term_Number                        0x20004132   Data           1  gps.o(.data)
    GPGSV_Term_Mod                           0x20004133   Data           1  gps.o(.data)
    GPS_Data                                 0x20004138   Data         288  main.o(.bss)
    GPS_Distance                             0x20004258   Data          24  main.o(.bss)
    TM_USART1_Buffer                         0x20004270   Data          32  usart.o(.bss)
    TM_USART2_Buffer                         0x20004290   Data          32  usart.o(.bss)
    TM_USART3_Buffer                         0x200042b0   Data          32  usart.o(.bss)
    TM_UART4_Buffer                          0x200042d0   Data          32  usart.o(.bss)
    TM_UART5_Buffer                          0x200042f0   Data          32  usart.o(.bss)
    TM_USART6_Buffer                         0x20004310   Data          32  usart.o(.bss)
    text                                     0x2000434c   Data         200  1.8 tft_display.o(.bss)
    text_prev                                0x20004414   Data         200  1.8 tft_display.o(.bss)
    text_color                               0x200044dc   Data         400  1.8 tft_display.o(.bss)
    text_color_prev                          0x2000466c   Data         400  1.8 tft_display.o(.bss)
    bg_color                                 0x200047fc   Data         400  1.8 tft_display.o(.bss)
    bg_color_prev                            0x2000498c   Data         400  1.8 tft_display.o(.bss)
    text_bg_color_prev                       0x20004b1c   Data         200  1.8 tft_display.o(.bss)
    pixel_buffer                             0x20004be4   Data       81280  1.8 tft_display.o(.bss)
    color                                    0x20018964   Data         516  1.8 tft_display.o(.bss)
    __libspace_start                         0x20018c98   Data          96  libspace.o(.bss)
    __temporary_stack_top$libspace           0x20018cf8   Data           0  libspace.o(.bss)



==============================================================================

Memory Map of the image

  Image Entry point : 0x08000189

  Load Region LR_IROM1 (Base: 0x08000000, Size: 0x0000e230, Max: 0x00100000, ABSOLUTE, COMPRESSED[0x0000a888])

    Execution Region ER_IROM1 (Base: 0x08000000, Size: 0x0000a0f8, Max: 0x00100000, ABSOLUTE)

    Base Addr    Size         Type   Attr      Idx    E Section Name        Object

    0x08000000   0x00000188   Data   RO          278    RESET               startup_stm32f40_41xxx.o
    0x08000188   0x00000008   Code   RO         1672  * !!!main             c_w.l(__main.o)
    0x08000190   0x00000034   Code   RO         2185    !!!scatter          c_w.l(__scatter.o)
    0x080001c4   0x00000064   Code   RO         2183    !!dclz77c           c_w.l(__dclz77c.o)
    0x08000228   0x0000001c   Code   RO         2187    !!handler_zi        c_w.l(__scatter_zi.o)
    0x08000244   0x00000000   Code   RO         1865    .ARM.Collect$$_printf_percent$$00000000  c_w.l(_printf_percent.o)
    0x08000244   0x00000006   Code   RO         1854    .ARM.Collect$$_printf_percent$$00000001  c_w.l(_printf_n.o)
    0x0800024a   0x00000006   Code   RO         1856    .ARM.Collect$$_printf_percent$$00000002  c_w.l(_printf_p.o)
    0x08000250   0x00000006   Code   RO         1861    .ARM.Collect$$_printf_percent$$00000003  c_w.l(_printf_f.o)
    0x08000256   0x00000006   Code   RO         1862    .ARM.Collect$$_printf_percent$$00000004  c_w.l(_printf_e.o)
    0x0800025c   0x00000006   Code   RO         1863    .ARM.Collect$$_printf_percent$$00000005  c_w.l(_printf_g.o)
    0x08000262   0x00000006   Code   RO         1864    .ARM.Collect$$_printf_percent$$00000006  c_w.l(_printf_a.o)
    0x08000268   0x0000000a   Code   RO         1869    .ARM.Collect$$_printf_percent$$00000007  c_w.l(_printf_ll.o)
    0x08000272   0x00000006   Code   RO         1858    .ARM.Collect$$_printf_percent$$00000008  c_w.l(_printf_i.o)
    0x08000278   0x00000006   Code   RO         1859    .ARM.Collect$$_printf_percent$$00000009  c_w.l(_printf_d.o)
    0x0800027e   0x00000006   Code   RO         1860    .ARM.Collect$$_printf_percent$$0000000A  c_w.l(_printf_u.o)
    0x08000284   0x00000006   Code   RO         1857    .ARM.Collect$$_printf_percent$$0000000B  c_w.l(_printf_o.o)
    0x0800028a   0x00000006   Code   RO         1855    .ARM.Collect$$_printf_percent$$0000000C  c_w.l(_printf_x.o)
    0x08000290   0x00000006   Code   RO         1866    .ARM.Collect$$_printf_percent$$0000000D  c_w.l(_printf_lli.o)
    0x08000296   0x00000006   Code   RO         1867    .ARM.Collect$$_printf_percent$$0000000E  c_w.l(_printf_lld.o)
    0x0800029c   0x00000006   Code   RO         1868    .ARM.Collect$$_printf_percent$$0000000F  c_w.l(_printf_llu.o)
    0x080002a2   0x00000006   Code   RO         1873    .ARM.Collect$$_printf_percent$$00000010  c_w.l(_printf_llo.o)
    0x080002a8   0x00000006   Code   RO         1874    .ARM.Collect$$_printf_percent$$00000011  c_w.l(_printf_llx.o)
    0x080002ae   0x0000000a   Code   RO         1870    .ARM.Collect$$_printf_percent$$00000012  c_w.l(_printf_l.o)
    0x080002b8   0x00000006   Code   RO         1852    .ARM.Collect$$_printf_percent$$00000013  c_w.l(_printf_c.o)
    0x080002be   0x00000006   Code   RO         1853    .ARM.Collect$$_printf_percent$$00000014  c_w.l(_printf_s.o)
    0x080002c4   0x00000006   Code   RO         1871    .ARM.Collect$$_printf_percent$$00000015  c_w.l(_printf_lc.o)
    0x080002ca   0x00000006   Code   RO         1872    .ARM.Collect$$_printf_percent$$00000016  c_w.l(_printf_ls.o)
    0x080002d0   0x00000004   Code   RO         2035    .ARM.Collect$$_printf_percent$$00000017  c_w.l(_printf_percent_end.o)
    0x080002d4   0x00000002   Code   RO         2116    .ARM.Collect$$libinit$$00000000  c_w.l(libinit.o)
    0x080002d6   0x00000004   Code   RO         1879    .ARM.Collect$$libinit$$00000001  c_w.l(libinit2.o)
    0x080002da   0x00000000   Code   RO         1882    .ARM.Collect$$libinit$$00000004  c_w.l(libinit2.o)
    0x080002da   0x00000008   Code   RO         1883    .ARM.Collect$$libinit$$00000005  c_w.l(libinit2.o)
    0x080002e2   0x00000000   Code   RO         1885    .ARM.Collect$$libinit$$0000000A  c_w.l(libinit2.o)
    0x080002e2   0x00000000   Code   RO         1887    .ARM.Collect$$libinit$$0000000C  c_w.l(libinit2.o)
    0x080002e2   0x00000000   Code   RO         1889    .ARM.Collect$$libinit$$0000000E  c_w.l(libinit2.o)
    0x080002e2   0x00000006   Code   RO         1890    .ARM.Collect$$libinit$$0000000F  c_w.l(libinit2.o)
    0x080002e8   0x00000000   Code   RO         1892    .ARM.Collect$$libinit$$00000011  c_w.l(libinit2.o)
    0x080002e8   0x0000000c   Code   RO         1893    .ARM.Collect$$libinit$$00000012  c_w.l(libinit2.o)
    0x080002f4   0x00000000   Code   RO         1894    .ARM.Collect$$libinit$$00000013  c_w.l(libinit2.o)
    0x080002f4   0x00000000   Code   RO         1896    .ARM.Collect$$libinit$$00000015  c_w.l(libinit2.o)
    0x080002f4   0x0000000a   Code   RO         1897    .ARM.Collect$$libinit$$00000016  c_w.l(libinit2.o)
    0x080002fe   0x00000000   Code   RO         1898    .ARM.Collect$$libinit$$00000017  c_w.l(libinit2.o)
    0x080002fe   0x00000000   Code   RO         1900    .ARM.Collect$$libinit$$00000019  c_w.l(libinit2.o)
    0x080002fe   0x00000000   Code   RO         1902    .ARM.Collect$$libinit$$0000001B  c_w.l(libinit2.o)
    0x080002fe   0x00000000   Code   RO         1904    .ARM.Collect$$libinit$$0000001D  c_w.l(libinit2.o)
    0x080002fe   0x00000000   Code   RO         1906    .ARM.Collect$$libinit$$0000001F  c_w.l(libinit2.o)
    0x080002fe   0x00000000   Code   RO         1908    .ARM.Collect$$libinit$$00000021  c_w.l(libinit2.o)
    0x080002fe   0x00000000   Code   RO         1910    .ARM.Collect$$libinit$$00000023  c_w.l(libinit2.o)
    0x080002fe   0x00000000   Code   RO         1912    .ARM.Collect$$libinit$$00000025  c_w.l(libinit2.o)
    0x080002fe   0x00000000   Code   RO         1916    .ARM.Collect$$libinit$$0000002C  c_w.l(libinit2.o)
    0x080002fe   0x00000000   Code   RO         1918    .ARM.Collect$$libinit$$0000002E  c_w.l(libinit2.o)
    0x080002fe   0x00000000   Code   RO         1920    .ARM.Collect$$libinit$$00000030  c_w.l(libinit2.o)
    0x080002fe   0x00000000   Code   RO         1922    .ARM.Collect$$libinit$$00000032  c_w.l(libinit2.o)
    0x080002fe   0x00000002   Code   RO         1923    .ARM.Collect$$libinit$$00000033  c_w.l(libinit2.o)
    0x08000300   0x00000002   Code   RO         2180    .ARM.Collect$$libshutdown$$00000000  c_w.l(libshutdown.o)
    0x08000302   0x00000000   Code   RO         2138    .ARM.Collect$$libshutdown$$00000003  c_w.l(libshutdown2.o)
    0x08000302   0x00000000   Code   RO         2141    .ARM.Collect$$libshutdown$$00000006  c_w.l(libshutdown2.o)
    0x08000302   0x00000000   Code   RO         2144    .ARM.Collect$$libshutdown$$00000009  c_w.l(libshutdown2.o)
    0x08000302   0x00000000   Code   RO         2146    .ARM.Collect$$libshutdown$$0000000B  c_w.l(libshutdown2.o)
    0x08000302   0x00000000   Code   RO         2149    .ARM.Collect$$libshutdown$$0000000E  c_w.l(libshutdown2.o)
    0x08000302   0x00000002   Code   RO         2150    .ARM.Collect$$libshutdown$$0000000F  c_w.l(libshutdown2.o)
    0x08000304   0x00000000   Code   RO         1750    .ARM.Collect$$rtentry$$00000000  c_w.l(__rtentry.o)
    0x08000304   0x00000000   Code   RO         1996    .ARM.Collect$$rtentry$$00000002  c_w.l(__rtentry2.o)
    0x08000304   0x00000006   Code   RO         2008    .ARM.Collect$$rtentry$$00000004  c_w.l(__rtentry4.o)
    0x0800030a   0x00000000   Code   RO         1998    .ARM.Collect$$rtentry$$00000009  c_w.l(__rtentry2.o)
    0x0800030a   0x00000004   Code   RO         1999    .ARM.Collect$$rtentry$$0000000A  c_w.l(__rtentry2.o)
    0x0800030e   0x00000000   Code   RO         2001    .ARM.Collect$$rtentry$$0000000C  c_w.l(__rtentry2.o)
    0x0800030e   0x00000008   Code   RO         2002    .ARM.Collect$$rtentry$$0000000D  c_w.l(__rtentry2.o)
    0x08000316   0x00000002   Code   RO         2121    .ARM.Collect$$rtexit$$00000000  c_w.l(rtexit.o)
    0x08000318   0x00000000   Code   RO         2154    .ARM.Collect$$rtexit$$00000002  c_w.l(rtexit2.o)
    0x08000318   0x00000004   Code   RO         2155    .ARM.Collect$$rtexit$$00000003  c_w.l(rtexit2.o)
    0x0800031c   0x00000006   Code   RO         2156    .ARM.Collect$$rtexit$$00000004  c_w.l(rtexit2.o)
    0x08000322   0x00000002   PAD
    0x08000324   0x00000000   Code   RO         2017    .emb_text           c_w.l(maybetermalloc1.o)
    0x08000324   0x00000024   Code   RO            4    .text               stm32f4xx_it.o
    0x08000348   0x000004ac   Code   RO          151    .text               main.o
    0x080007f4   0x00000210   Code   RO          249    .text               system_stm32f4xx.o
    0x08000a04   0x00000040   Code   RO          279    .text               startup_stm32f40_41xxx.o
    0x08000a44   0x000000e0   Code   RO          286    .text               misc.o
    0x08000b24   0x00000294   Code   RO          729    .text               stm32f4xx_gpio.o
    0x08000db8   0x0000065c   Code   RO          924    .text               stm32f4xx_rcc.o
    0x08001414   0x00000480   Code   RO         1049    .text               stm32f4xx_spi.o
    0x08001894   0x00000ca2   Code   RO         1097    .text               stm32f4xx_tim.o
    0x08002536   0x00000002   PAD
    0x08002538   0x00000454   Code   RO         1121    .text               stm32f4xx_usart.o
    0x0800298c   0x000007d0   Code   RO         1169    .text               usart.o
    0x0800315c   0x00000318   Code   RO         1233    .text               buzzer.o
    0x08003474   0x00000228   Code   RO         1267    .text               gpio.o
    0x0800369c   0x000000f0   Code   RO         1297    .text               ticks.o
    0x0800378c   0x000001fc   Code   RO         1333    .text               timer.o
    0x08003988   0x00000040   Code   RO         1357    .text               button.o
    0x080039c8   0x00000018   Code   RO         1381    .text               led.o
    0x080039e0   0x00001038   Code   RO         1484    .text               1.8 tft_display.o
    0x08004a18   0x0000171c   Code   RO         1549    .text               gps.o
    0x08006134   0x0000042c   Code   RO         1584    .text               stm32_gpio.o
    0x08006560   0x0000005e   Code   RO         1612    .text               c_w.l(h1_alloc.o)
    0x080065be   0x00000002   PAD
    0x080065c0   0x00000024   Code   RO         1666    .text               c_w.l(c89vsprintf.o)
    0x080065e4   0x00000048   Code   RO         1668    .text               c_w.l(strcpy.o)
    0x0800662c   0x00000006   Code   RO         1670    .text               c_w.l(heapauxi.o)
    0x08006632   0x00000002   PAD
    0x08006634   0x00000008   Code   RO         1754    .text               c_w.l(rt_heap_descriptor_intlibspace.o)
    0x0800663c   0x00000004   Code   RO         1756    .text               c_w.l(hguard.o)
    0x08006640   0x0000008a   Code   RO         1758    .text               c_w.l(init_alloc.o)
    0x080066ca   0x0000000e   Code   RO         1764    .text               c_w.l(h1_init.o)
    0x080066d8   0x0000004e   Code   RO         1766    .text               c_w.l(h1_free.o)
    0x08006726   0x00000016   Code   RO         1782    .text               c_w.l(_rserrno.o)
    0x0800673c   0x0000004e   Code   RO         1786    .text               c_w.l(_printf_pad.o)
    0x0800678a   0x00000024   Code   RO         1788    .text               c_w.l(_printf_truncate.o)
    0x080067ae   0x00000052   Code   RO         1790    .text               c_w.l(_printf_str.o)
    0x08006800   0x00000078   Code   RO         1792    .text               c_w.l(_printf_dec.o)
    0x08006878   0x00000028   Code   RO         1794    .text               c_w.l(_printf_charcount.o)
    0x080068a0   0x00000030   Code   RO         1796    .text               c_w.l(_printf_char_common.o)
    0x080068d0   0x0000000a   Code   RO         1798    .text               c_w.l(_sputc.o)
    0x080068da   0x00000002   PAD
    0x080068dc   0x000000bc   Code   RO         1800    .text               c_w.l(_printf_wctomb.o)
    0x08006998   0x0000007c   Code   RO         1803    .text               c_w.l(_printf_longlong_dec.o)
    0x08006a14   0x00000070   Code   RO         1809    .text               c_w.l(_printf_oct_int_ll.o)
    0x08006a84   0x00000094   Code   RO         1829    .text               c_w.l(_printf_hex_int_ll_ptr.o)
    0x08006b18   0x00000188   Code   RO         1849    .text               c_w.l(__printf_flags_ss_wp.o)
    0x08006ca0   0x00000008   Code   RO         1992    .text               c_w.l(libspace.o)
    0x08006ca8   0x00000008   Code   RO         2013    .text               c_w.l(rt_errno_addr_intlibspace.o)
    0x08006cb0   0x00000034   Code   RO         2019    .text               c_w.l(h1_extend.o)
    0x08006ce4   0x0000008a   Code   RO         2023    .text               c_w.l(lludiv10.o)
    0x08006d6e   0x000000b2   Code   RO         2025    .text               c_w.l(_printf_intcommon.o)
    0x08006e20   0x0000041a   Code   RO         2027    .text               c_w.l(_printf_fp_dec.o)
    0x0800723a   0x0000002c   Code   RO         2031    .text               c_w.l(_printf_char.o)
    0x08007266   0x0000002c   Code   RO         2033    .text               c_w.l(_printf_wchar.o)
    0x08007292   0x00000040   Code   RO         2036    .text               c_w.l(_wcrtomb.o)
    0x080072d2   0x0000000e   Code   RO         2038    .text               c_w.l(defsig_rtmem_outer.o)
    0x080072e0   0x00000002   Code   RO         2055    .text               c_w.l(use_no_semi.o)
    0x080072e2   0x00000000   Code   RO         2057    .text               c_w.l(indicate_semi.o)
    0x080072e2   0x0000004a   Code   RO         2058    .text               c_w.l(sys_stackheap_outer.o)
    0x0800732c   0x00000010   Code   RO         2060    .text               c_w.l(rt_ctype_table.o)
    0x0800733c   0x00000008   Code   RO         2067    .text               c_w.l(rt_locale_intlibspace.o)
    0x08007344   0x00000080   Code   RO         2071    .text               c_w.l(_printf_fp_infnan.o)
    0x080073c4   0x000000dc   Code   RO         2073    .text               c_w.l(bigflt0.o)
    0x080074a0   0x0000000c   Code   RO         2101    .text               c_w.l(exit.o)
    0x080074ac   0x0000000a   Code   RO         2103    .text               c_w.l(defsig_exit.o)
    0x080074b6   0x00000002   PAD
    0x080074b8   0x00000050   Code   RO         2105    .text               c_w.l(defsig_rtmem_inner.o)
    0x08007508   0x0000000c   Code   RO         2119    .text               c_w.l(sys_exit.o)
    0x08007514   0x00000032   Code   RO         2132    .text               c_w.l(defsig_general.o)
    0x08007546   0x00000002   PAD
    0x08007548   0x00000080   Code   RO         2134    .text               c_w.l(strcmpv7m.o)
    0x080075c8   0x0000000e   Code   RO         2151    .text               c_w.l(sys_wrch.o)
    0x080075d6   0x0000003e   Code   RO         2076    CL$$btod_d2e        c_w.l(btod.o)
    0x08007614   0x00000046   Code   RO         2078    CL$$btod_d2e_denorm_low  c_w.l(btod.o)
    0x0800765a   0x00000060   Code   RO         2077    CL$$btod_d2e_norm_op1  c_w.l(btod.o)
    0x080076ba   0x00000338   Code   RO         2086    CL$$btod_div_common  c_w.l(btod.o)
    0x080079f2   0x000000c6   Code   RO         2083    CL$$btod_e2e        c_w.l(btod.o)
    0x08007ab8   0x00000028   Code   RO         2080    CL$$btod_ediv       c_w.l(btod.o)
    0x08007ae0   0x00000028   Code   RO         2079    CL$$btod_emul       c_w.l(btod.o)
    0x08007b08   0x00000244   Code   RO         2085    CL$$btod_mult_common  c_w.l(btod.o)
    0x08007d4c   0x00000030   Code   RO         2051    i.__ARM_fpclassify  m_wm.l(fpclassify.o)
    0x08007d7c   0x00000004   PAD
    0x08007d80   0x000002d8   Code   RO         1941    i.__hardfp_atan     m_wm.l(atan.o)
    0x08008058   0x000001f0   Code   RO         1700    i.__hardfp_atan2    m_wm.l(atan2.o)
    0x08008248   0x000000c8   Code   RO         1712    i.__hardfp_cos      m_wm.l(cos.o)
    0x08008310   0x000000c8   Code   RO         1724    i.__hardfp_sin      m_wm.l(sin.o)
    0x080083d8   0x0000007a   Code   RO         1736    i.__hardfp_sqrt     m_wm.l(sqrt.o)
    0x08008452   0x00000006   PAD
    0x08008458   0x00000438   Code   RO         1979    i.__ieee754_rem_pio2  m_wm.l(rred.o)
    0x08008890   0x00000170   Code   RO         1955    i.__kernel_cos      m_wm.l(cos_i.o)
    0x08008a00   0x000000f8   Code   RO         2053    i.__kernel_poly     m_wm.l(poly.o)
    0x08008af8   0x00000130   Code   RO         1984    i.__kernel_sin      m_wm.l(sin_i.o)
    0x08008c28   0x00000014   Code   RO         1959    i.__mathlib_dbl_infnan  m_wm.l(dunder.o)
    0x08008c3c   0x00000014   Code   RO         1960    i.__mathlib_dbl_infnan2  m_wm.l(dunder.o)
    0x08008c50   0x00000020   Code   RO         1961    i.__mathlib_dbl_invalid  m_wm.l(dunder.o)
    0x08008c70   0x00000020   Code   RO         1964    i.__mathlib_dbl_underflow  m_wm.l(dunder.o)
    0x08008c90   0x0000000e   Code   RO         1842    i._is_digit         c_w.l(__printf_wp.o)
    0x08008c9e   0x00000010   Code   RO         1943    i.atan              m_wm.l(atan.o)
    0x08008cae   0x00000018   Code   RO         1974    i.fabs              m_wm.l(fabs.o)
    0x08008cc6   0x00000002   PAD
    0x08008cc8   0x0000002c   Code   RO         2099    locale$$code        c_w.l(lc_numeric_c.o)
    0x08008cf4   0x0000002c   Code   RO         2128    locale$$code        c_w.l(lc_ctype_c.o)
    0x08008d20   0x00000018   Code   RO         1924    x$fpl$basic         fz_wm.l(basic.o)
    0x08008d38   0x00000062   Code   RO         1674    x$fpl$d2f           fz_wm.l(d2f.o)
    0x08008d9a   0x00000002   PAD
    0x08008d9c   0x00000150   Code   RO         1676    x$fpl$dadd          fz_wm.l(daddsub_clz.o)
    0x08008eec   0x000002b0   Code   RO         1683    x$fpl$ddiv          fz_wm.l(ddiv.o)
    0x0800919c   0x0000005e   Code   RO         1686    x$fpl$dfix          fz_wm.l(dfix.o)
    0x080091fa   0x0000002e   Code   RO         1691    x$fpl$dflt          fz_wm.l(dflt_clz.o)
    0x08009228   0x00000026   Code   RO         1690    x$fpl$dfltu         fz_wm.l(dflt_clz.o)
    0x0800924e   0x00000002   PAD
    0x08009250   0x00000154   Code   RO         1696    x$fpl$dmul          fz_wm.l(dmul.o)
    0x080093a4   0x0000009c   Code   RO         1928    x$fpl$dnaninf       fz_wm.l(dnaninf.o)
    0x08009440   0x0000000c   Code   RO         1930    x$fpl$dretinf       fz_wm.l(dretinf.o)
    0x0800944c   0x00000016   Code   RO         1677    x$fpl$drsb          fz_wm.l(daddsub_clz.o)
    0x08009462   0x00000002   PAD
    0x08009464   0x00000198   Code   RO         1932    x$fpl$dsqrt         fz_wm.l(dsqrt_umaal.o)
    0x080095fc   0x000001d4   Code   RO         1678    x$fpl$dsub          fz_wm.l(daddsub_clz.o)
    0x080097d0   0x00000056   Code   RO         1698    x$fpl$f2d           fz_wm.l(f2d.o)
    0x08009826   0x0000008c   Code   RO         1934    x$fpl$fnaninf       fz_wm.l(fnaninf.o)
    0x080098b2   0x0000000a   Code   RO         2049    x$fpl$fpinit        fz_wm.l(fpinit.o)
    0x080098bc   0x0000000a   Code   RO         1936    x$fpl$fretinf       fz_wm.l(fretinf.o)
    0x080098c6   0x00000004   Code   RO         1938    x$fpl$printf1       fz_wm.l(printf1.o)
    0x080098ca   0x00000000   Code   RO         1940    x$fpl$usenofp       fz_wm.l(usenofp.o)
    0x080098ca   0x00000002   PAD
    0x080098cc   0x00000380   Data   RO         1268    .constdata          gpio.o
    0x08009c4c   0x000000c6   Data   RO         1405    .constdata          buzzer_song.o
    0x08009d12   0x00000002   PAD
    0x08009d14   0x00000008   Data   RO         1801    .constdata          c_w.l(_printf_wctomb.o)
    0x08009d1c   0x00000028   Data   RO         1830    .constdata          c_w.l(_printf_hex_int_ll_ptr.o)
    0x08009d44   0x00000011   Data   RO         1850    .constdata          c_w.l(__printf_flags_ss_wp.o)
    0x08009d55   0x00000003   PAD
    0x08009d58   0x00000098   Data   RO         1944    .constdata          m_wm.l(atan.o)
    0x08009df0   0x00000030   Data   RO         1956    .constdata          m_wm.l(cos_i.o)
    0x08009e20   0x00000008   Data   RO         1978    .constdata          m_wm.l(qnan.o)
    0x08009e28   0x000000c8   Data   RO         1981    .constdata          m_wm.l(rred.o)
    0x08009ef0   0x00000028   Data   RO         1985    .constdata          m_wm.l(sin_i.o)
    0x08009f18   0x00000094   Data   RO         2074    .constdata          c_w.l(bigflt0.o)
    0x08009fac   0x00000020   Data   RO         2181    Region$$Table       anon$$obj.o
    0x08009fcc   0x0000001c   Data   RO         2098    locale$$data        c_w.l(lc_numeric_c.o)
    0x08009fe8   0x00000110   Data   RO         2127    locale$$data        c_w.l(lc_ctype_c.o)


    Execution Region RW_IRAM1 (Base: 0x20000000, Size: 0x000192f8, Max: 0x00020000, ABSOLUTE, COMPRESSED[0x00000790])

    Base Addr    Size         Type   Attr      Idx    E Section Name        Object

    0x20000000   0x00001034   Data   RW          153    .data               main.o
    0x20001034   0x00000014   Data   RW          250    .data               system_stm32f4xx.o
    0x20001048   0x00000010   Data   RW          925    .data               stm32f4xx_rcc.o
    0x20001058   0x00001060   Data   RW         1171    .data               usart.o
    0x200020b8   0x0000001a   Data   RW         1235    .data               buzzer.o
    0x200020d2   0x00000002   PAD
    0x200020d4   0x00000008   Data   RW         1298    .data               ticks.o
    0x200020dc   0x0000103c   Data   RW         1486    .data               1.8 tft_display.o
    0x20003118   0x0000101d   Data   RW         1551    .data               gps.o
    0x20004135   0x00000003   PAD
    0x20004138   0x00000138   Zero   RW          152    .bss                main.o
    0x20004270   0x000000c0   Zero   RW         1170    .bss                usart.o
    0x20004330   0x0000001a   Zero   RW         1234    .bss                buzzer.o
    0x2000434a   0x00000002   PAD
    0x2000434c   0x0001481c   Zero   RW         1485    .bss                1.8 tft_display.o
    0x20018b68   0x00000130   Zero   RW         1550    .bss                gps.o
    0x20018c98   0x00000060   Zero   RW         1993    .bss                c_w.l(libspace.o)
    0x20018cf8   0x00000200   Zero   RW          277    HEAP                startup_stm32f40_41xxx.o
    0x20018ef8   0x00000400   Zero   RW          276    STACK               startup_stm32f40_41xxx.o


==============================================================================

Image component sizes


      Code (inc. data)   RO Data    RW Data    ZI Data      Debug   Object Name

      4152        196          0       4156      83996      10857   1.8 tft_display.o
        64         24          0          0          0        474   button.o
       792         76          0         26         26       4426   buzzer.o
         0          0        198          0          0        984   buzzer_song.o
       552         18        896          0          0       5603   gpio.o
      5916        358          0       4125        304       8089   gps.o
        24          8          0          0          0        447   led.o
      1196        236          0       4148        312      10862   main.o
       224         20          0          0          0     230989   misc.o
        64         26        392          0       1536        844   startup_stm32f40_41xxx.o
      1068         48          0          0          0       6174   stm32_gpio.o
       660         44          0          0          0       4109   stm32f4xx_gpio.o
        36          0          0          0          0     289438   stm32f4xx_it.o
      1628         52          0         16          0      12904   stm32f4xx_rcc.o
      1152         36          0          0          0       6857   stm32f4xx_spi.o
      3234         60          0          0          0      22312   stm32f4xx_tim.o
      1108         34          0          0          0       7808   stm32f4xx_usart.o
       528         46          0         20          0       1799   system_stm32f4xx.o
       240         28          0          8          0      28660   ticks.o
       508         54          0          0          0       1791   timer.o
      2000        124          0       4192        192      12619   usart.o

    ----------------------------------------------------------------------
     25148       1488       1520      16696      86368     668046   Object Totals
         0          0         32          0          0          0   (incl. Generated)
         2          0          2          5          2          0   (incl. Padding)

    ----------------------------------------------------------------------

      Code (inc. data)   RO Data    RW Data    ZI Data      Debug   Library Member Name

       100          0          0          0          0          0   __dclz77c.o
         8          0          0          0          0         68   __main.o
       392          4         17          0          0         92   __printf_flags_ss_wp.o
        14          0          0          0          0         68   __printf_wp.o
         0          0          0          0          0          0   __rtentry.o
        12          0          0          0          0          0   __rtentry2.o
         6          0          0          0          0          0   __rtentry4.o
        52          8          0          0          0          0   __scatter.o
        28          0          0          0          0          0   __scatter_zi.o
         6          0          0          0          0          0   _printf_a.o
         6          0          0          0          0          0   _printf_c.o
        44          0          0          0          0        108   _printf_char.o
        48          6          0          0          0         96   _printf_char_common.o
        40          0          0          0          0         68   _printf_charcount.o
         6          0          0          0          0          0   _printf_d.o
       120         16          0          0          0         92   _printf_dec.o
         6          0          0          0          0          0   _printf_e.o
         6          0          0          0          0          0   _printf_f.o
      1050          0          0          0          0        216   _printf_fp_dec.o
       128         16          0          0          0         84   _printf_fp_infnan.o
         6          0          0          0          0          0   _printf_g.o
       148          4         40          0          0        160   _printf_hex_int_ll_ptr.o
         6          0          0          0          0          0   _printf_i.o
       178          0          0          0          0         88   _printf_intcommon.o
        10          0          0          0          0          0   _printf_l.o
         6          0          0          0          0          0   _printf_lc.o
        10          0          0          0          0          0   _printf_ll.o
         6          0          0          0          0          0   _printf_lld.o
         6          0          0          0          0          0   _printf_lli.o
         6          0          0          0          0          0   _printf_llo.o
         6          0          0          0          0          0   _printf_llu.o
         6          0          0          0          0          0   _printf_llx.o
       124         16          0          0          0         92   _printf_longlong_dec.o
         6          0          0          0          0          0   _printf_ls.o
         6          0          0          0          0          0   _printf_n.o
         6          0          0          0          0          0   _printf_o.o
       112          8          0          0          0        124   _printf_oct_int_ll.o
         6          0          0          0          0          0   _printf_p.o
        78          0          0          0          0        108   _printf_pad.o
         0          0          0          0          0          0   _printf_percent.o
         4          0          0          0          0          0   _printf_percent_end.o
         6          0          0          0          0          0   _printf_s.o
        82          0          0          0          0         80   _printf_str.o
        36          0          0          0          0         84   _printf_truncate.o
         6          0          0          0          0          0   _printf_u.o
        44          0          0          0          0        108   _printf_wchar.o
       188          6          8          0          0         92   _printf_wctomb.o
         6          0          0          0          0          0   _printf_x.o
        22          0          0          0          0        100   _rserrno.o
        10          0          0          0          0         68   _sputc.o
        64          0          0          0          0         92   _wcrtomb.o
       220          4        148          0          0         96   bigflt0.o
      1910        128          0          0          0        672   btod.o
        36          4          0          0          0         76   c89vsprintf.o
        10          0          0          0          0         68   defsig_exit.o
        50          0          0          0          0         88   defsig_general.o
        80         58          0          0          0         76   defsig_rtmem_inner.o
        14          0          0          0          0         80   defsig_rtmem_outer.o
        12          0          0          0          0         72   exit.o
        94          0          0          0          0         80   h1_alloc.o
        52          0          0          0          0         68   h1_extend.o
        78          0          0          0          0         80   h1_free.o
        14          0          0          0          0         84   h1_init.o
         6          0          0          0          0        152   heapauxi.o
         4          0          0          0          0        136   hguard.o
         0          0          0          0          0          0   indicate_semi.o
       138          0          0          0          0        168   init_alloc.o
        44         10        272          0          0         76   lc_ctype_c.o
        44         10         28          0          0         76   lc_numeric_c.o
         2          0          0          0          0          0   libinit.o
        42          0          0          0          0          0   libinit2.o
         2          0          0          0          0          0   libshutdown.o
         2          0          0          0          0          0   libshutdown2.o
         8          4          0          0         96         68   libspace.o
       138          0          0          0          0         80   lludiv10.o
         0          0          0          0          0          0   maybetermalloc1.o
        16          4          0          0          0         76   rt_ctype_table.o
         8          4          0          0          0         68   rt_errno_addr_intlibspace.o
         8          4          0          0          0         68   rt_heap_descriptor_intlibspace.o
         8          4          0          0          0         68   rt_locale_intlibspace.o
         2          0          0          0          0          0   rtexit.o
        10          0          0          0          0          0   rtexit2.o
       128          0          0          0          0         68   strcmpv7m.o
        72          0          0          0          0         80   strcpy.o
        12          4          0          0          0         68   sys_exit.o
        74          0          0          0          0         80   sys_stackheap_outer.o
        14          0          0          0          0         76   sys_wrch.o
         2          0          0          0          0         68   use_no_semi.o
        24          0          0          0          0        164   basic.o
        98          4          0          0          0        140   d2f.o
       826         16          0          0          0        492   daddsub_clz.o
       688        140          0          0          0        256   ddiv.o
        94          4          0          0          0        140   dfix.o
        84          0          0          0          0        232   dflt_clz.o
       340         12          0          0          0        152   dmul.o
       156          4          0          0          0        140   dnaninf.o
        12          0          0          0          0        116   dretinf.o
       408         56          0          0          0        168   dsqrt_umaal.o
        86          4          0          0          0        132   f2d.o
       140          4          0          0          0        132   fnaninf.o
        10          0          0          0          0        116   fpinit.o
        10          0          0          0          0        116   fretinf.o
         4          0          0          0          0        116   printf1.o
         0          0          0          0          0          0   usenofp.o
       744        106        152          0          0        352   atan.o
       496         64          0          0          0        192   atan2.o
       200         20          0          0          0        164   cos.o
       368         46         48          0          0        200   cos_i.o
       104         16          0          0          0        496   dunder.o
        24          0          0          0          0        124   fabs.o
        48          0          0          0          0        124   fpclassify.o
       248          0          0          0          0        152   poly.o
         0          0          8          0          0          0   qnan.o
      1080        142        200          0          0        188   rred.o
       200         20          0          0          0        164   sin.o
       304         24         40          0          0        208   sin_i.o
       122          0          0          0          0        148   sqrt.o

    ----------------------------------------------------------------------
     13576       1004        964          0         96      10228   Library Totals
        32          0          3          0          0          0   (incl. Padding)

    ----------------------------------------------------------------------

      Code (inc. data)   RO Data    RW Data    ZI Data      Debug   Library Name

      6626        322        513          0         96       5104   c_w.l
      2980        244          0          0          0       2612   fz_wm.l
      3938        438        448          0          0       2512   m_wm.l

    ----------------------------------------------------------------------
     13576       1004        964          0         96      10228   Library Totals

    ----------------------------------------------------------------------

==============================================================================


      Code (inc. data)   RO Data    RW Data    ZI Data      Debug   

     38724       2492       2484      16696      86464     667514   Grand Totals
     38724       2492       2484       1936      86464     667514   ELF Image Totals (compressed)
     38724       2492       2484       1936          0          0   ROM Totals

==============================================================================

    Total RO  Size (Code + RO Data)                41208 (  40.24kB)
    Total RW  Size (RW Data + ZI Data)            103160 ( 100.74kB)
    Total ROM Size (Code + RO Data + RW Data)      43144 (  42.13kB)

==============================================================================

